
> monster-game@1.0.0 compile
> tsc --noEmit --pretty

[96mapp/(admin)/index.tsx[0m:[93m65[0m:[93m21[0m - [91merror[0m[90m TS2322: [0mType '"h2"' is not assignable to type 'FontVariant | undefined'.

[7m65[0m         <StyledText variant="h2">Pantalla de inicio de admin</StyledText>
[7m  [0m [91m                    ~~~~~~~[0m

  [96mcomponents/typography/styled_text.tsx[0m:[93m12[0m:[93m3[0m
    [7m12[0m   variant?: FontVariant;
    [7m  [0m [96m  ~~~~~~~[0m
    The expected type comes from property 'variant' which is declared here on type 'IntrinsicAttributes & StyledTextProps'

[96mapp/(admin)/settings.tsx[0m:[93m13[0m:[93m19[0m - [91merror[0m[90m TS2339: [0mProperty 'isLoggingOut' does not exist on type '{ user: User | null; status: AuthStatus; isAuthenticated: boolean; isAuthenticating: boolean; isHydrating: boolean; isLoading: boolean; isOffline: boolean; error: string | null; login: (username: string, pin: string) => void; logout: () => void; hasRole: (role: string) => boolean; dispatch: (msg: AuthMsg) => void; }'.

[7m13[0m   const { logout, isLoggingOut } = useAuth();
[7m  [0m [91m                  ~~~~~~~~~~~~[0m

[96mapp/error.tsx[0m:[93m21[0m:[93m9[0m - [91merror[0m[90m TS2322: [0mType '"h1"' is not assignable to type 'FontVariant | undefined'.

[7m21[0m         variant="h1"
[7m  [0m [91m        ~~~~~~~[0m

  [96mcomponents/typography/styled_text.tsx[0m:[93m12[0m:[93m3[0m
    [7m12[0m   variant?: FontVariant;
    [7m  [0m [96m  ~~~~~~~[0m
    The expected type comes from property 'variant' which is declared here on type 'IntrinsicAttributes & StyledTextProps'

[96mcomponents/ui/button.tsx[0m:[93m129[0m:[93m59[0m - [91merror[0m[90m TS2322: [0mType 'StyleProp<ViewStyle>' is not assignable to type 'TextStyle | Falsy | RegisteredStyle<TextStyle> | RecursiveArray<TextStyle | Falsy | RegisteredStyle<TextStyle>> | readonly (TextStyle | ... 1 more ... | RegisteredStyle<...>)[]'.
  Type 'ViewStyle' is not assignable to type 'TextStyle | Falsy | RegisteredStyle<TextStyle> | RecursiveArray<TextStyle | Falsy | RegisteredStyle<TextStyle>> | readonly (TextStyle | ... 1 more ... | RegisteredStyle<...>)[]'.
    Type 'ViewStyle' is not assignable to type 'TextStyle'.
      Types of property 'userSelect' are incompatible.
        Type 'string | undefined' is not assignable to type '"auto" | "all" | "none" | "text" | "contain" | undefined'.
          Type 'string' is not assignable to type '"auto" | "all" | "none" | "text" | "contain" | undefined'.

[7m129[0m           style={[{ color: variants[variant].textColor }, textStyle]}
[7m   [0m [91m                                                          ~~~~~~~~~[0m

[96mcomponents/ui/device_simulator.tsx[0m:[93m153[0m:[93m23[0m - [91merror[0m[90m TS2322: [0mType '"semibold"' is not assignable to type 'FontWeight | undefined'.

[7m153[0m           <StyledText weight="semibold" size="md" style={{ color: Colors[colorScheme].text }}>
[7m   [0m [91m                      ~~~~~~[0m

  [96mcomponents/typography/styled_text.tsx[0m:[93m10[0m:[93m3[0m
    [7m10[0m   weight?: FontWeight;
    [7m  [0m [96m  ~~~~~~[0m
    The expected type comes from property 'weight' which is declared here on type 'IntrinsicAttributes & StyledTextProps'

[96mcomponents/ui/device_simulator.tsx[0m:[93m187[0m:[93m19[0m - [91merror[0m[90m TS2322: [0mType '"regular" | "semibold"' is not assignable to type 'FontWeight | undefined'.
  Type '"semibold"' is not assignable to type 'FontWeight | undefined'.

[7m187[0m                   weight={isSelected ? 'semibold' : 'regular'}
[7m   [0m [91m                  ~~~~~~[0m

  [96mcomponents/typography/styled_text.tsx[0m:[93m10[0m:[93m3[0m
    [7m10[0m   weight?: FontWeight;
    [7m  [0m [96m  ~~~~~~[0m
    The expected type comes from property 'weight' which is declared here on type 'IntrinsicAttributes & StyledTextProps'

[96mcore/bootstrap.ts[0m:[93m49[0m:[93m32[0m - [91merror[0m[90m TS2322: [0mType 'AuthRepositoryImpl' is not assignable to type 'never'.

[7m49[0m       getAuthRepository: () => AuthRepository,
[7m  [0m [91m                               ~~~~~~~~~~~~~~[0m

  [96mcore/core_module/app_state.service.ts[0m:[93m11[0m:[93m24[0m
    [7m11[0m     getAuthRepository: () => ReturnType<typeof setAuthRepository> extends void ? never : ReturnType<typeof setAuthRepository>;
    [7m  [0m [96m                       ~~~~~~~~~~~~~~~~~~~~~~~~~~~~~~~~~~~~~~~~~~~~~~~~~~~~~~~~~~~~~~~~~~~~~~~~~~~~~~~~~~~~~~~~~~~~~~~~~~~~~~[0m
    The expected type comes from the return type of this signature.

[96mcore/bootstrap.ts[0m:[93m86[0m:[93m30[0m - [91merror[0m[90m TS2345: [0mArgument of type '{ enableDebug: boolean; }' is not assignable to parameter of type 'string'.

[7m86[0m       createLoggerMiddleware({ enableDebug: __DEV__ })
[7m  [0m [91m                             ~~~~~~~~~~~~~~~~~~~~~~~~[0m

[96mcore/core_module/index.ts[0m:[93m22[0m:[93m5[0m - [91merror[0m[90m TS2353: [0mObject literal may only specify known properties, and 'navigationPolicy' does not exist in type '(params?: any) => UpdateResult<CoreModel, CoreMsg>'.

[7m22[0m     navigationPolicy: RoleNavigationPolicy
[7m  [0m [91m    ~~~~~~~~~~~~~~~~[0m

  [96mshared/core/engine/tea_module.tsx[0m:[93m14[0m:[93m5[0m
    [7m14[0m     initial: (params?: any) => UpdateResult<TModel, TMsg>;
    [7m  [0m [96m    ~~~~~~~[0m
    The expected type comes from property 'initial' which is declared here on type 'TeaModuleDef<CoreModel, CoreMsg>'

[96mdata/mock_data.ts[0m:[93m11[0m:[93m3[0m - [91merror[0m[90m TS2740: [0mType '{ id: string; source: string; date: string; time: string; status: "open"; }' is missing the following properties from type 'DrawType': name, description, draw_datetime, betting_start_time, and 6 more.

[7m 11[0m   {
[7m   [0m [91m  ~[0m
[7m 12[0m     id: '1',
[7m   [0m [91m~~~~~~~~~~~~[0m
[7m...[0m 
[7m 16[0m     status: 'open',
[7m   [0m [91m~~~~~~~~~~~~~~~~~~~[0m
[7m 17[0m   },
[7m   [0m [91m~~~[0m

[96mdata/mock_data.ts[0m:[93m18[0m:[93m3[0m - [91merror[0m[90m TS2740: [0mType '{ id: string; source: string; date: string; time: string; status: "open"; }' is missing the following properties from type 'DrawType': name, description, draw_datetime, betting_start_time, and 6 more.

[7m 18[0m   {
[7m   [0m [91m  ~[0m
[7m 19[0m     id: '2',
[7m   [0m [91m~~~~~~~~~~~~[0m
[7m...[0m 
[7m 23[0m     status: 'open',
[7m   [0m [91m~~~~~~~~~~~~~~~~~~~[0m
[7m 24[0m   },
[7m   [0m [91m~~~[0m

[96mdata/mock_data.ts[0m:[93m25[0m:[93m3[0m - [91merror[0m[90m TS2740: [0mType '{ id: string; source: string; date: string; time: string; status: "pending"; }' is missing the following properties from type 'DrawType': name, description, draw_datetime, betting_start_time, and 6 more.

[7m 25[0m   {
[7m   [0m [91m  ~[0m
[7m 26[0m     id: '3',
[7m   [0m [91m~~~~~~~~~~~~[0m
[7m...[0m 
[7m 30[0m     status: 'pending',
[7m   [0m [91m~~~~~~~~~~~~~~~~~~~~~~[0m
[7m 31[0m   },
[7m   [0m [91m~~~[0m

[96mdata/mock_data.ts[0m:[93m32[0m:[93m3[0m - [91merror[0m[90m TS2740: [0mType '{ id: string; source: string; date: string; time: string; status: "pending"; }' is missing the following properties from type 'DrawType': name, description, draw_datetime, betting_start_time, and 6 more.

[7m 32[0m   {
[7m   [0m [91m  ~[0m
[7m 33[0m     id: '4',
[7m   [0m [91m~~~~~~~~~~~~[0m
[7m...[0m 
[7m 37[0m     status: 'pending',
[7m   [0m [91m~~~~~~~~~~~~~~~~~~~~~~[0m
[7m 38[0m   },
[7m   [0m [91m~~~[0m

[96mdata/mock_data.ts[0m:[93m39[0m:[93m3[0m - [91merror[0m[90m TS2740: [0mType '{ id: string; source: string; date: string; time: string; status: "open"; }' is missing the following properties from type 'DrawType': name, description, draw_datetime, betting_start_time, and 6 more.

[7m 39[0m   {
[7m   [0m [91m  ~[0m
[7m 40[0m     id: '5',
[7m   [0m [91m~~~~~~~~~~~~[0m
[7m...[0m 
[7m 44[0m     status: 'open',
[7m   [0m [91m~~~~~~~~~~~~~~~~~~~[0m
[7m 45[0m   },
[7m   [0m [91m~~~[0m

[96mdata/mock_data.ts[0m:[93m54[0m:[93m5[0m - [91merror[0m[90m TS2353: [0mObject literal may only specify known properties, and 'draw' does not exist in type 'BetType'.

[7m54[0m     draw: 'Florida Mañana',
[7m  [0m [91m    ~~~~[0m

[96mdata/mock_data.ts[0m:[93m62[0m:[93m5[0m - [91merror[0m[90m TS2353: [0mObject literal may only specify known properties, and 'draw' does not exist in type 'BetType'.

[7m62[0m     draw: 'NY Noche',
[7m  [0m [91m    ~~~~[0m

[96mdata/mock_data.ts[0m:[93m70[0m:[93m5[0m - [91merror[0m[90m TS2353: [0mObject literal may only specify known properties, and 'draw' does not exist in type 'BetType'.

[7m70[0m     draw: 'Florida Mañana',
[7m  [0m [91m    ~~~~[0m

[96mdata/mock_data.ts[0m:[93m78[0m:[93m5[0m - [91merror[0m[90m TS2353: [0mObject literal may only specify known properties, and 'draw' does not exist in type 'BetType'.

[7m78[0m     draw: 'La Habana Tarde',
[7m  [0m [91m    ~~~~[0m

[96mdata/mock_data.ts[0m:[93m86[0m:[93m5[0m - [91merror[0m[90m TS2353: [0mObject literal may only specify known properties, and 'draw' does not exist in type 'BetType'.

[7m86[0m     draw: 'NY Noche',
[7m  [0m [91m    ~~~~[0m

[96mdata/mock_data.ts[0m:[93m94[0m:[93m5[0m - [91merror[0m[90m TS2353: [0mObject literal may only specify known properties, and 'draw' does not exist in type 'BetType'.

[7m94[0m     draw: 'Miami Mañana',
[7m  [0m [91m    ~~~~[0m

[96mfeatures/app-update/core/store.ts[0m:[93m283[0m:[93m7[0m - [91merror[0m[90m TS2322: [0mType 'string' is not assignable to type 'AppStateStatus'.

[7m283[0m       appStateRef.current = nextAppState;
[7m   [0m [91m      ~~~~~~~~~~~~~~~~~~~[0m

[96mfeatures/auth/store/store.ts[0m:[93m21[0m:[93m63[0m - [91merror[0m[90m TS2304: [0mCannot find name 'AuthMsg'.

[7m21[0m export const selectAuthDispatch = (state: AuthState) => (msg: AuthMsg) => {
[7m  [0m [91m                                                              ~~~~~~~[0m

[96mfeatures/auth/store/types/messages.types.ts[0m:[93m1[0m:[93m13[0m - [91merror[0m[90m TS2567: [0mEnum declarations can only merge with namespace or other enum declarations.

[7m1[0m export enum AuthMsgType {
[7m [0m [91m            ~~~~~~~~~~~[0m

[96mfeatures/auth/store/types/messages.types.ts[0m:[93m14[0m:[93m13[0m - [91merror[0m[90m TS2567: [0mEnum declarations can only merge with namespace or other enum declarations.

[7m14[0m export type AuthMsgType = keyof typeof AuthMsgType;
[7m  [0m [91m            ~~~~~~~~~~~[0m

[96mfeatures/banker/common/agency_card.tsx[0m:[93m104[0m:[93m15[0m - [91merror[0m[90m TS2322: [0mType '{ children: Element[]; direction: string; gap: number; style: ({ padding: number; borderRadius: number; } | { backgroundColor: string; })[]; }' is not assignable to type 'IntrinsicAttributes & FlexProps'.
  Property 'direction' does not exist on type 'IntrinsicAttributes & FlexProps'.

[7m104[0m         <Flex direction="row" gap={8} style={[styles.statsGrid, { backgroundColor: theme['background-basic-color-2'] }]}>
[7m   [0m [91m              ~~~~~~~~~[0m

[96mfeatures/banker/common/agency_card.tsx[0m:[93m117[0m:[93m15[0m - [91merror[0m[90m TS2322: [0mType '{ children: Element[]; direction: string; gap: number; }' is not assignable to type 'IntrinsicAttributes & FlexProps'.
  Property 'direction' does not exist on type 'IntrinsicAttributes & FlexProps'.

[7m117[0m         <Flex direction="row" gap={10}>
[7m   [0m [91m              ~~~~~~~~~[0m

[96mfeatures/banker/common/agency_card.tsx[0m:[93m124[0m:[93m40[0m - [91merror[0m[90m TS2322: [0mType '{ size: number; style?: StyleProp<ImageStyle>; id?: string | undefined; onLayout?: ((event: LayoutChangeEvent) => void) | undefined; onError?: ((error: NativeSyntheticEvent<...>) => void) | undefined; ... 64 more ...; accessibilityLargeContentTitle?: string | undefined; }' is not assignable to type 'LucideProps'.
  Types of property 'style' are incompatible.
    Type 'StyleProp<ImageStyle>' is not assignable to type 'StyleProp<ViewStyle>'.
      Type 'ImageStyle' is not assignable to type 'StyleProp<ViewStyle>'.
        Type 'ImageStyle' is not assignable to type 'ViewStyle'.
          Types of property 'transformOrigin' are incompatible.
            Type 'string | (string | number)[] | undefined' is not assignable to type 'string | undefined'.
              Type '(string | number)[]' is not assignable to type 'string'.

[7m124[0m             accessoryLeft={(props) => <ScrollText {...props} size={18} />}
[7m   [0m [91m                                       ~~~~~~~~~~[0m

[96mfeatures/banker/common/agency_card.tsx[0m:[93m126[0m:[93m13[0m - [91merror[0m[90m TS2322: [0mType '{ style: { flex: number; height: number; borderRadius: number; }; size: string; appearance: string; status: string; onPress: (() => void) | undefined; accessoryLeft: (props: Partial<ImageProps> | undefined) => Element; label: string; labelStyle: { ...; }; }' is not assignable to type 'IntrinsicAttributes & ButtonKitProps'.
  Property 'labelStyle' does not exist on type 'IntrinsicAttributes & ButtonKitProps'.

[7m126[0m             labelStyle={{ fontWeight: '600' }}
[7m   [0m [91m            ~~~~~~~~~~[0m

[96mfeatures/banker/common/agency_card.tsx[0m:[93m134[0m:[93m40[0m - [91merror[0m[90m TS2322: [0mType '{ size: number; style?: StyleProp<ImageStyle>; id?: string | undefined; onLayout?: ((event: LayoutChangeEvent) => void) | undefined; onError?: ((error: NativeSyntheticEvent<...>) => void) | undefined; ... 64 more ...; accessibilityLargeContentTitle?: string | undefined; }' is not assignable to type 'LucideProps'.
  Types of property 'style' are incompatible.
    Type 'StyleProp<ImageStyle>' is not assignable to type 'StyleProp<ViewStyle>'.
      Type 'ImageStyle' is not assignable to type 'StyleProp<ViewStyle>'.
        Type 'ImageStyle' is not assignable to type 'ViewStyle'.
          Types of property 'transformOrigin' are incompatible.
            Type 'string | (string | number)[] | undefined' is not assignable to type 'string | undefined'.
              Type '(string | number)[]' is not assignable to type 'string'.

[7m134[0m             accessoryLeft={(props) => <Settings2 {...props} size={18} />}
[7m   [0m [91m                                       ~~~~~~~~~[0m

[96mfeatures/banker/common/agency_card.tsx[0m:[93m136[0m:[93m13[0m - [91merror[0m[90m TS2322: [0mType '{ style: { flex: number; height: number; borderRadius: number; }; size: string; appearance: string; status: string; onPress: (() => void) | undefined; accessoryLeft: (props: Partial<ImageProps> | undefined) => Element; label: string; labelStyle: { ...; }; }' is not assignable to type 'IntrinsicAttributes & ButtonKitProps'.
  Property 'labelStyle' does not exist on type 'IntrinsicAttributes & ButtonKitProps'.

[7m136[0m             labelStyle={{ color: theme['text-hint-color'], fontWeight: '600' }}
[7m   [0m [91m            ~~~~~~~~~~[0m

[96mfeatures/banker/common/grid_stat_card.tsx[0m:[93m22[0m:[93m7[0m - [91merror[0m[90m TS2322: [0mType '{ children: Element[]; testID: string; style: (StyleProp<ViewStyle> | { width: "48%"; borderRadius: number; overflow: "hidden"; borderWidth: number; shadowColor: string; shadowOffset: { ...; }; shadowOpacity: number; shadowRadius: number; elevation: number; })[]; padding: number; }' is not assignable to type 'IntrinsicAttributes & CardProps'.
  Property 'testID' does not exist on type 'IntrinsicAttributes & CardProps'.

[7m22[0m       testID={`stat-card-${label.toLowerCase().replace(/\s+/g, '-')}`}
[7m  [0m [91m      ~~~~~~[0m

[96mfeatures/banker/dashboard/core/cmds.ts[0m:[93m22[0m:[93m23[0m - [91merror[0m[90m TS2322: [0mType 'Promise<Agency[]>' is not assignable to type 'Promise<Agency | [any, Agency] | Result<Agency, any>>'.
  Type 'Agency[]' is not assignable to type 'Agency | [any, Agency] | Result<Agency, any>'.
    Type 'Agency[]' is not assignable to type '[any, Agency]'.
      Target requires 2 element(s) but source may have fewer.

[7m22[0m                 () => structureRepository.getChildren(id),
[7m  [0m [91m                      ~~~~~~~~~~~~~~~~~~~~~~~~~~~~~~~~~~~[0m

  [96mshared/core/tea-utils/remote.data.http.ts[0m:[93m116[0m:[93m11[0m
    [7m116[0m     task: () => Promise<T | [any, T] | Result<T, any>>,
    [7m   [0m [96m          ~~~~~~~~~~~~~~~~~~~~~~~~~~~~~~~~~~~~~~~~~~~~[0m
    The expected type comes from the return type of this signature.

[96mfeatures/banker/dashboard/presentation/components/dashboard_operations.tsx[0m:[93m28[0m:[93m147[0m - [91merror[0m[90m TS2339: [0mProperty 'activeCount' does not exist on type '{ activeAgenciesTitle: string; activeCountSingular: string; activeCountPlural: string; noAgencies: string; viewAll: string; }'.

[7m28[0m           <Label type="detail" style={{ color: theme['color-primary-500'], fontWeight: '600' }}>{agencies.length} {es.banker.dashboard.operations.activeCount}</Label>
[7m  [0m [91m                                                                                                                                                  ~~~~~~~~~~~[0m

[96mfeatures/banker/dashboard/presentation/components/dashboard_operations.tsx[0m:[93m60[0m:[93m41[0m - [91merror[0m[90m TS2322: [0mType '{ color: string; size: number; style?: StyleProp<ImageStyle>; id?: string | undefined; onLayout?: ((event: LayoutChangeEvent) => void) | undefined; ... 65 more ...; accessibilityLargeContentTitle?: string | undefined; }' is not assignable to type 'LucideProps'.
  Types of property 'style' are incompatible.
    Type 'StyleProp<ImageStyle>' is not assignable to type 'StyleProp<ViewStyle>'.
      Type 'ImageStyle' is not assignable to type 'StyleProp<ViewStyle>'.
        Type 'ImageStyle' is not assignable to type 'ViewStyle'.
          Types of property 'transformOrigin' are incompatible.
            Type 'string | (string | number)[] | undefined' is not assignable to type 'string | undefined'.
              Type '(string | number)[]' is not assignable to type 'string'.

[7m60[0m             accessoryRight={(props) => <ChevronRight {...props} color={theme['color-primary-500']} size={18} />}
[7m  [0m [91m                                        ~~~~~~~~~~~~[0m

[96mfeatures/banker/dashboard/presentation/components/dashboard_operations.tsx[0m:[93m61[0m:[93m13[0m - [91merror[0m[90m TS2322: [0mType '{ style: ({ borderRadius: number; minWidth: "60%"; height: number; } | { backgroundColor: string; borderColor: string; })[]; size: string; appearance: string; accessoryRight: (props: Partial<ImageProps> | undefined) => Element; labelStyle: { ...; }; label: string; }' is not assignable to type 'IntrinsicAttributes & ButtonKitProps'.
  Property 'labelStyle' does not exist on type 'IntrinsicAttributes & ButtonKitProps'.

[7m61[0m             labelStyle={{ color: theme['color-primary-500'], fontWeight: '700' }}
[7m  [0m [91m            ~~~~~~~~~~[0m

[96mfeatures/banker/drawers/list.tsx[0m:[93m121[0m:[93m69[0m - [91merror[0m[90m TS2339: [0mProperty 'surface' does not exist on type '{ primary: string; primaryLight: string; secondary: string; success: string; successLight: string; warning: string; warningLight: string; error: string; errorLight: string; text: string; textSecondary: string; ... 7 more ...; tabIconSelected: string; } | { ...; }'.
  Property 'surface' does not exist on type '{ primary: string; primaryLight: string; secondary: string; success: string; successLight: string; warning: string; warningLight: string; error: string; errorLight: string; text: string; textSecondary: string; ... 7 more ...; tabIconSelected: string; }'.

[7m121[0m     <View style={[styles.filterContainer, { backgroundColor: colors.surface, borderBottomColor: colors.border }]}>
[7m   [0m [91m                                                                    ~~~~~~~[0m

[96mfeatures/banker/drawers/list.tsx[0m:[93m219[0m:[93m126[0m - [91merror[0m[90m TS2339: [0mProperty 'surface' does not exist on type '{ primary: string; primaryLight: string; secondary: string; success: string; successLight: string; warning: string; warningLight: string; error: string; errorLight: string; text: string; textSecondary: string; ... 7 more ...; tabIconSelected: string; } | { ...; }'.
  Property 'surface' does not exist on type '{ primary: string; primaryLight: string; secondary: string; success: string; successLight: string; warning: string; warningLight: string; error: string; errorLight: string; text: string; textSecondary: string; ... 7 more ...; tabIconSelected: string; }'.

[7m219[0m         <View style={[styles.groupHeader, { borderBottomColor: colors.border, marginTop: spacing.sm, backgroundColor: colors.surface }]}>
[7m   [0m [91m                                                                                                                             ~~~~~~~[0m

[96mfeatures/banker/drawers/winning_number_modal.tsx[0m:[93m140[0m:[93m57[0m - [91merror[0m[90m TS2339: [0mProperty 'surface' does not exist on type '{ primary: string; primaryLight: string; secondary: string; success: string; successLight: string; warning: string; warningLight: string; error: string; errorLight: string; text: string; textSecondary: string; ... 7 more ...; tabIconSelected: string; } | { ...; }'.
  Property 'surface' does not exist on type '{ primary: string; primaryLight: string; secondary: string; success: string; successLight: string; warning: string; warningLight: string; error: string; errorLight: string; text: string; textSecondary: string; ... 7 more ...; tabIconSelected: string; }'.

[7m140[0m                                 backgroundColor: colors.surface,
[7m   [0m [91m                                                        ~~~~~~~[0m

[96mfeatures/banker/report/components/report_item.tsx[0m:[93m121[0m:[93m72[0m - [91merror[0m[90m TS2339: [0mProperty 'surface' does not exist on type '{ primary: string; primaryLight: string; secondary: string; success: string; successLight: string; warning: string; warningLight: string; error: string; errorLight: string; text: string; textSecondary: string; ... 7 more ...; tabIconSelected: string; } | { ...; }'.
  Property 'surface' does not exist on type '{ primary: string; primaryLight: string; secondary: string; success: string; successLight: string; warning: string; warningLight: string; error: string; errorLight: string; text: string; textSecondary: string; ... 7 more ...; tabIconSelected: string; }'.

[7m121[0m             <View style={[styles.updateForm, { backgroundColor: colors.surface, borderColor: colors.border }]}>
[7m   [0m [91m                                                                       ~~~~~~~[0m

[96mfeatures/banker/report/hooks/use_reports_form.ts[0m:[93m7[0m:[93m31[0m - [91merror[0m[90m TS2305: [0mModule '"@/shared/repositories/structure"' has no exported member 'ChildStructure'.

[7m7[0m import { structureRepository, ChildStructure } from '@/shared/repositories/structure';
[7m [0m [91m                              ~~~~~~~~~~~~~~[0m

[96mfeatures/colector/dashboard/components/dashboard_operations.tsx[0m:[93m57[0m:[93m59[0m - [91merror[0m[90m TS2345: [0mArgument of type 'number' is not assignable to parameter of type 'string'.

[7m57[0m               onPress={() => dispatch(NAVIGATE_TO_DETAILS(child.id, child.name))}
[7m  [0m [91m                                                          ~~~~~~~~[0m

[96mfeatures/colector/dashboard/components/dashboard_operations.tsx[0m:[93m58[0m:[93m67[0m - [91merror[0m[90m TS2345: [0mArgument of type 'number' is not assignable to parameter of type 'string'.

[7m58[0m               onReglamentoPress={() => dispatch(NAVIGATE_TO_RULES(child.id))}
[7m  [0m [91m                                                                  ~~~~~~~~[0m

[96mfeatures/colector/dashboard/core/update.ts[0m:[93m12[0m:[93m31[0m - [91merror[0m[90m TS2305: [0mModule '"@/shared/repositories/structure"' has no exported member 'ChildStructure'.

[7m12[0m import { structureRepository, ChildStructure } from '@/shared/repositories/structure';
[7m  [0m [91m                              ~~~~~~~~~~~~~~[0m

[96mfeatures/colector/dashboard/core/update.ts[0m:[93m34[0m:[93m15[0m - [91merror[0m[90m TS2322: [0mType 'Promise<Agency[]>' is not assignable to type 'Promise<Agency | [any, Agency] | Result<Agency, any>>'.
  Type 'Agency[]' is not assignable to type 'Agency | [any, Agency] | Result<Agency, any>'.
    Type 'Agency[]' is not assignable to type '[any, Agency]'.
      Target requires 2 element(s) but source may have fewer.

[7m34[0m         () => structureRepository.getChildren(Number(structureId)),
[7m  [0m [91m              ~~~~~~~~~~~~~~~~~~~~~~~~~~~~~~~~~~~~~~~~~~~~~~~~~~~~[0m

  [96mshared/core/tea-utils/remote.data.http.ts[0m:[93m116[0m:[93m11[0m
    [7m116[0m     task: () => Promise<T | [any, T] | Result<T, any>>,
    [7m   [0m [96m          ~~~~~~~~~~~~~~~~~~~~~~~~~~~~~~~~~~~~~~~~~~~~[0m
    The expected type comes from the return type of this signature.

[96mfeatures/colector/drawers/views/date_navigation.tsx[0m:[93m49[0m:[93m45[0m - [91merror[0m[90m TS2339: [0mProperty 'surface' does not exist on type '{ primary: string; primaryLight: string; secondary: string; success: string; successLight: string; warning: string; warningLight: string; error: string; errorLight: string; text: string; textSecondary: string; ... 7 more ...; tabIconSelected: string; } | { ...; }'.
  Property 'surface' does not exist on type '{ primary: string; primaryLight: string; secondary: string; success: string; successLight: string; warning: string; warningLight: string; error: string; errorLight: string; text: string; textSecondary: string; ... 7 more ...; tabIconSelected: string; }'.

[7m49[0m                     backgroundColor: colors.surface
[7m  [0m [91m                                            ~~~~~~~[0m

[96mfeatures/colector/drawers/views/draw_item.tsx[0m:[93m152[0m:[93m45[0m - [91merror[0m[90m TS2339: [0mProperty 'surface' does not exist on type '{ primary: string; primaryLight: string; secondary: string; success: string; successLight: string; warning: string; warningLight: string; error: string; errorLight: string; text: string; textSecondary: string; ... 7 more ...; tabIconSelected: string; } | { ...; }'.
  Property 'surface' does not exist on type '{ primary: string; primaryLight: string; secondary: string; success: string; successLight: string; warning: string; warningLight: string; error: string; errorLight: string; text: string; textSecondary: string; ... 7 more ...; tabIconSelected: string; }'.

[7m152[0m                     backgroundColor: colors.surface,
[7m   [0m [91m                                            ~~~~~~~[0m

[96mfeatures/colector/index.tsx[0m:[93m14[0m:[93m3[0m - [91merror[0m[90m TS2305: [0mModule '"./dashboard/core"' has no exported member 'Model'.

[7m14[0m   Model as DashboardModel,
[7m  [0m [91m  ~~~~~[0m

[96mfeatures/colector/index.tsx[0m:[93m15[0m:[93m3[0m - [91merror[0m[90m TS2305: [0mModule '"./dashboard/core"' has no exported member 'Msg'.

[7m15[0m   Msg as DashboardMsg,
[7m  [0m [91m  ~~~[0m

[96mfeatures/colector/reports/components/report_item.tsx[0m:[93m121[0m:[93m72[0m - [91merror[0m[90m TS2339: [0mProperty 'surface' does not exist on type '{ primary: string; primaryLight: string; secondary: string; success: string; successLight: string; warning: string; warningLight: string; error: string; errorLight: string; text: string; textSecondary: string; ... 7 more ...; tabIconSelected: string; } | { ...; }'.
  Property 'surface' does not exist on type '{ primary: string; primaryLight: string; secondary: string; success: string; successLight: string; warning: string; warningLight: string; error: string; errorLight: string; text: string; textSecondary: string; ... 7 more ...; tabIconSelected: string; }'.

[7m121[0m             <View style={[styles.updateForm, { backgroundColor: colors.surface, borderColor: colors.border }]}>
[7m   [0m [91m                                                                       ~~~~~~~[0m

[96mfeatures/colector/reports/core/cmds.ts[0m:[93m9[0m:[93m15[0m - [91merror[0m[90m TS2322: [0mType 'Promise<Agency[]>' is not assignable to type 'Promise<Agency | [any, Agency] | Result<Agency, any>>'.
  Type 'Agency[]' is not assignable to type 'Agency | [any, Agency] | Result<Agency, any>'.
    Type 'Agency[]' is not assignable to type '[any, Agency]'.
      Target requires 2 element(s) but source may have fewer.

[7m9[0m         () => service.getListeros(structureId),
[7m [0m [91m              ~~~~~~~~~~~~~~~~~~~~~~~~~~~~~~~~[0m

  [96mshared/core/tea-utils/remote.data.http.ts[0m:[93m116[0m:[93m11[0m
    [7m116[0m     task: () => Promise<T | [any, T] | Result<T, any>>,
    [7m   [0m [96m          ~~~~~~~~~~~~~~~~~~~~~~~~~~~~~~~~~~~~~~~~~~~~[0m
    The expected type comes from the return type of this signature.

[96mfeatures/colector/settings/hooks/hook.settings.ts[0m:[93m43[0m:[93m17[0m - [91merror[0m[90m TS2339: [0mProperty 'checkLoginStatus' does not exist on type '{ user: User | null; status: AuthStatus; isAuthenticated: boolean; isAuthenticating: boolean; isHydrating: boolean; isLoading: boolean; isOffline: boolean; error: string | null; login: (username: string, pin: string) => void; logout: () => void; hasRole: (role: string) => boolean; dispatch: (msg: AuthMsg) => void; }'.

[7m43[0m   const { user, checkLoginStatus, logout } = useAuth();
[7m  [0m [91m                ~~~~~~~~~~~~~~~~[0m

[96mfeatures/listero/bet-bolita/application/bolita.flows.ts[0m:[93m295[0m:[93m52[0m - [91merror[0m[90m TS2322: [0mType 'WebData<Ok<Error, BetType[]> | Err<Error, BetType[]>>' is not assignable to type 'WebData<BetType[]>'.
  Type '{ type: "Success"; data: Ok<Error, BetType[]> | Err<Error, BetType[]>; }' is not assignable to type 'WebData<BetType[]>'.
    Type '{ type: "Success"; data: Ok<Error, BetType[]> | Err<Error, BetType[]>; }' is not assignable to type '{ type: "Success"; data: BetType[]; }'.
      Types of property 'data' are incompatible.
        Type 'Ok<Error, BetType[]> | Err<Error, BetType[]>' is not assignable to type 'BetType[]'.
          Type 'Ok<Error, BetType[]>' is missing the following properties from type 'BetType[]': length, pop, push, concat, and 34 more.

[7m295[0m                 (response) => SAVE_BETS_RESPONSE({ response }),
[7m   [0m [91m                                                   ~~~~~~~~[0m

  [96mfeatures/listero/bet-bolita/domain/models/bolita.messages.ts[0m:[93m237[0m:[93m69[0m
    [7m237[0m export const SAVE_BETS_RESPONSE = createMsg<'SAVE_BETS_RESPONSE', { response: WebData<BetType[]> }>('SAVE_BETS_RESPONSE');
    [7m   [0m [96m                                                                    ~~~~~~~~[0m
    The expected type comes from property 'response' which is declared here on type '{ response: WebData<BetType[]>; }'

[96mfeatures/listero/bet-bolita/application/sub_updates/centena.update.ts[0m:[93m67[0m:[93m19[0m - [91merror[0m[90m TS2322: [0mType '{ id: string; bet: number; amount: null; }[]' is not assignable to type 'CentenaBet[]'.
  Type '{ id: string; bet: number; amount: null; }' is not assignable to type 'CentenaBet'.
    Types of property 'amount' are incompatible.
      Type 'null' is not assignable to type 'number'.

[7m67[0m             const newCentenas: CentenaBet[] = numbers.map(n => ({
[7m  [0m [91m                  ~~~~~~~~~~~[0m

[96mfeatures/listero/bet-bolita/application/sub_updates/centena.update.ts[0m:[93m145[0m:[93m17[0m - [91merror[0m[90m TS2322: [0mType '"CONFIRM_APPLY_AMOUNT_SINGLE"' is not assignable to type 'KnownPattern<"CANCEL_CENTENA_BET" | "SHOW_CENTENA_MODAL" | "PROCESS_CENTENA_BET_INPUT" | "SUBMIT_CENTENA_AMOUNT_INPUT" | "CENTENA_CONFIRM_INPUT"> | undefined'.

[7m145[0m         .with({ type: 'CONFIRM_APPLY_AMOUNT_SINGLE' }, () => {
[7m   [0m [91m                ~~~~[0m

[96mfeatures/listero/bet-bolita/application/sub_updates/centena.update.ts[0m:[93m148[0m:[93m17[0m - [91merror[0m[90m TS2322: [0mType '"CONFIRM_APPLY_AMOUNT_ALL"' is not assignable to type 'KnownPattern<"CANCEL_CENTENA_BET" | "SHOW_CENTENA_MODAL" | "PROCESS_CENTENA_BET_INPUT" | "SUBMIT_CENTENA_AMOUNT_INPUT" | "CENTENA_CONFIRM_INPUT"> | undefined'.

[7m148[0m         .with({ type: 'CONFIRM_APPLY_AMOUNT_ALL' }, () => {
[7m   [0m [91m                ~~~~[0m

[96mfeatures/listero/bet-bolita/application/sub_updates/centena.update.ts[0m:[93m151[0m:[93m17[0m - [91merror[0m[90m TS2322: [0mType '"CANCEL_AMOUNT_CONFIRMATION"' is not assignable to type 'KnownPattern<"CANCEL_CENTENA_BET" | "SHOW_CENTENA_MODAL" | "PROCESS_CENTENA_BET_INPUT" | "SUBMIT_CENTENA_AMOUNT_INPUT" | "CENTENA_CONFIRM_INPUT"> | undefined'.

[7m151[0m         .with({ type: 'CANCEL_AMOUNT_CONFIRMATION' }, () => {
[7m   [0m [91m                ~~~~[0m

[96mfeatures/listero/bet-bolita/application/sub_updates/parlet.update.ts[0m:[93m232[0m:[93m17[0m - [91merror[0m[90m TS2322: [0mType '"CONFIRM_APPLY_AMOUNT_SINGLE"' is not assignable to type 'KnownPattern<"SHOW_PARLET_MODAL" | "SHOW_PARLET_ALERT" | "PROCESS_PARLET_INPUT" | "SUBMIT_PARLET_AMOUNT_INPUT" | "PARLET_KEY_PRESSED" | "PARLET_CONFIRM_INPUT"> | undefined'.

[7m232[0m         .with({ type: 'CONFIRM_APPLY_AMOUNT_SINGLE' }, () => {
[7m   [0m [91m                ~~~~[0m

[96mfeatures/listero/bet-bolita/application/sub_updates/parlet.update.ts[0m:[93m235[0m:[93m17[0m - [91merror[0m[90m TS2322: [0mType '"CONFIRM_APPLY_AMOUNT_ALL"' is not assignable to type 'KnownPattern<"SHOW_PARLET_MODAL" | "SHOW_PARLET_ALERT" | "PROCESS_PARLET_INPUT" | "SUBMIT_PARLET_AMOUNT_INPUT" | "PARLET_KEY_PRESSED" | "PARLET_CONFIRM_INPUT"> | undefined'.

[7m235[0m         .with({ type: 'CONFIRM_APPLY_AMOUNT_ALL' }, () => {
[7m   [0m [91m                ~~~~[0m

[96mfeatures/listero/bet-bolita/application/sub_updates/parlet.update.ts[0m:[93m238[0m:[93m17[0m - [91merror[0m[90m TS2322: [0mType '"CANCEL_AMOUNT_CONFIRMATION"' is not assignable to type 'KnownPattern<"SHOW_PARLET_MODAL" | "SHOW_PARLET_ALERT" | "PROCESS_PARLET_INPUT" | "SUBMIT_PARLET_AMOUNT_INPUT" | "PARLET_KEY_PRESSED" | "PARLET_CONFIRM_INPUT"> | undefined'.

[7m238[0m         .with({ type: 'CANCEL_AMOUNT_CONFIRMATION' }, () => {
[7m   [0m [91m                ~~~~[0m

[96mfeatures/listero/bet-bolita/presentation/context/BolitaListContext.tsx[0m:[93m78[0m:[93m65[0m - [91merror[0m[90m TS2339: [0mProperty 'data' does not exist on type 'WebData<BolitaListData>'.
  Property 'data' does not exist on type '{ type: "NotAsked"; }'.

[7m78[0m         const { fijosCorridos, parlets, centenas } = remoteData.data;
[7m  [0m [91m                                                                ~~~~[0m

[96mfeatures/listero/bet-bolita/presentation/utils/list_grouping.ts[0m:[93m26[0m:[93m10[0m - [91merror[0m[90m TS2352: [0mConversion of type 'FijosCorridosBet[] | ParletBet[] | CentenaBet[]' to type 'T[]' may be a mistake because neither type sufficiently overlaps with the other. If this was intentional, convert the expression to 'unknown' first.
  Type 'CentenaBet[]' is not comparable to type 'T[]'.
    Type 'CentenaBet' is not comparable to type 'T'.
      'CentenaBet' is assignable to the constraint of type 'T', but 'T' could be instantiated with a different subtype of constraint '{ receiptCode?: string | undefined; }'.

[7m26[0m         (groups[code][type] as T[]).push(item);
[7m  [0m [91m         ~~~~~~~~~~~~~~~~~~~~~~~~~[0m

[96mfeatures/listero/bet-loteria/core/domain/session.logic.ts[0m:[93m64[0m:[93m56[0m - [91merror[0m[90m TS2345: [0mArgument of type 'BackendValidationRule[]' is not assignable to parameter of type 'ValidationRule[]'.
  Type 'BackendValidationRule' is missing the following properties from type 'ValidationRule': category, status, scope, validationType, and 8 more.

[7m64[0m         const ruleAmount = calculateLoteriaFixedAmount(validationRules, loteriaBetTypeId);
[7m  [0m [91m                                                       ~~~~~~~~~~~~~~~[0m

[96mfeatures/listero/bet-loteria/core/feature.domain.ts[0m:[93m59[0m:[93m56[0m - [91merror[0m[90m TS2345: [0mArgument of type 'BackendValidationRule[]' is not assignable to parameter of type 'ValidationRule[]'.
  Type 'BackendValidationRule' is missing the following properties from type 'ValidationRule': category, status, scope, validationType, and 8 more.

[7m59[0m         const ruleAmount = calculateLoteriaFixedAmount(validationRules, loteriaBetTypeId);
[7m  [0m [91m                                                       ~~~~~~~~~~~~~~~[0m

[96mfeatures/listero/bet-loteria/core/feature.orchestration.test.ts[0m:[93m26[0m:[93m9[0m - [91merror[0m[90m TS2353: [0mObject literal may only specify known properties, and 'rules' does not exist in type 'LoteriaFeatureModel'.

[7m26[0m         rules: {
[7m  [0m [91m        ~~~~~[0m

[96mfeatures/listero/bet-loteria/core/feature.orchestration.test.ts[0m:[93m39[0m:[93m16[0m - [91merror[0m[90m TS18049: [0m'updatedModel' is possibly 'null' or 'undefined'.

[7m39[0m         expect(updatedModel.editSession.currentInput).toBe('');
[7m  [0m [91m               ~~~~~~~~~~~~[0m

[96mfeatures/listero/bet-loteria/core/feature.orchestration.test.ts[0m:[93m39[0m:[93m29[0m - [91merror[0m[90m TS2339: [0mProperty 'editSession' does not exist on type 'CommandDescriptor | CommandDescriptor[] | LoteriaFeatureModel'.
  Property 'editSession' does not exist on type 'CommandDescriptor'.

[7m39[0m         expect(updatedModel.editSession.currentInput).toBe('');
[7m  [0m [91m                            ~~~~~~~~~~~[0m

[96mfeatures/listero/bet-loteria/core/feature.orchestration.test.ts[0m:[93m42[0m:[93m16[0m - [91merror[0m[90m TS18049: [0m'updatedModel' is possibly 'null' or 'undefined'.

[7m42[0m         expect(updatedModel.loteriaSession.isBetKeyboardVisible).toBe(true);
[7m  [0m [91m               ~~~~~~~~~~~~[0m

[96mfeatures/listero/bet-loteria/core/feature.orchestration.test.ts[0m:[93m42[0m:[93m29[0m - [91merror[0m[90m TS2339: [0mProperty 'loteriaSession' does not exist on type 'CommandDescriptor | CommandDescriptor[] | LoteriaFeatureModel'.
  Property 'loteriaSession' does not exist on type 'CommandDescriptor'.

[7m42[0m         expect(updatedModel.loteriaSession.isBetKeyboardVisible).toBe(true);
[7m  [0m [91m                            ~~~~~~~~~~~~~~[0m

[96mfeatures/listero/bet-loteria/core/feature.types.ts[0m:[93m60[0m:[93m35[0m - [91merror[0m[90m TS2304: [0mCannot find name 'LoteriaMsg'.

[7m60[0m     | { type: 'LOTERIA'; payload: LoteriaMsg }
[7m  [0m [91m                                  ~~~~~~~~~~[0m

[96mfeatures/listero/bet-loteria/core/feature.update.ts[0m:[93m51[0m:[93m47[0m - [91merror[0m[90m TS2345: [0mArgument of type '({ webData }: { type: "DRAW_INFO_RECEIVED"; webData: string; }) => Return<{ drawTypeCode: string; currentDrawId: string | null; isEditing: boolean; summary: LoteriaSummary; structureId: string | null; ... 6 more ...; rulesSession: RulesModel; }, any>' is not assignable to parameter of type '(selections: { type: "DRAW_INFO_RECEIVED"; webData: string; }, value: { type: "DRAW_INFO_RECEIVED"; webData: string; }) => Return<LoteriaFeatureModel, FeatureMsg>'.
  Type 'Return<{ drawTypeCode: string; currentDrawId: string | null; isEditing: boolean; summary: LoteriaSummary; structureId: string | null; userId: string | null; loteriaSession: LoteriaState; ... 4 more ...; rulesSession: RulesModel; }, any>' is not assignable to type 'Return<LoteriaFeatureModel, FeatureMsg>'.
    Type '{ drawTypeCode: string; currentDrawId: string | null; isEditing: boolean; summary: LoteriaSummary; structureId: string | null; userId: string | null; ... 5 more ...; rulesSession: RulesModel; }' is not assignable to type 'LoteriaFeatureModel'.
      Types of property 'drawTypeCode' are incompatible.
        Type 'string' is not assignable to type 'WebData<string>'.

[7m51[0m         .with({ type: 'DRAW_INFO_RECEIVED' }, ({ webData }) => {
[7m  [0m [91m                                              ~~~~~~~~~~~~~~~~~~[0m

[96mfeatures/listero/bet-loteria/core/feature.update.ts[0m:[93m59[0m:[93m18[0m - [91merror[0m[90m TS2339: [0mProperty 'mapMsg' does not exist on type 'Return<LoteriaFeatureModel, RulesMsg>'.

[7m59[0m                 .mapMsg((subMsg) => ({ type: 'RULES', payload: subMsg }));
[7m  [0m [91m                 ~~~~~~[0m

[96mfeatures/listero/bet-loteria/core/feature.update.ts[0m:[93m59[0m:[93m26[0m - [91merror[0m[90m TS7006: [0mParameter 'subMsg' implicitly has an 'any' type.

[7m59[0m                 .mapMsg((subMsg) => ({ type: 'RULES', payload: subMsg }));
[7m  [0m [91m                         ~~~~~~[0m

[96mfeatures/listero/bet-loteria/loteria.feature.ts[0m:[93m4[0m:[93m10[0m - [91merror[0m[90m TS2459: [0mModule '"./core/store"' declares 'initialModel' locally, but it is not exported.

[7m4[0m import { initialModel } from './core/store';
[7m [0m [91m         ~~~~~~~~~~~~[0m

  [96mfeatures/listero/bet-loteria/core/store.ts[0m:[93m5[0m:[93m10[0m
    [7m5[0m import { initialModel } from './feature.initial';
    [7m [0m [96m         ~~~~~~~~~~~~[0m
    'initialModel' is declared here.

[96mfeatures/listero/bet-loteria/loteria.feature.ts[0m:[93m26[0m:[93m10[0m - [91merror[0m[90m TS2459: [0mModule '"./core/store"' declares 'initialModel' locally, but it is not exported.

[7m26[0m export { initialModel } from './core/store';
[7m  [0m [91m         ~~~~~~~~~~~~[0m

  [96mfeatures/listero/bet-loteria/core/store.ts[0m:[93m5[0m:[93m10[0m
    [7m5[0m import { initialModel } from './feature.initial';
    [7m [0m [96m         ~~~~~~~~~~~~[0m
    'initialModel' is declared here.

[96mfeatures/listero/bet-loteria/loteria/loteria.registry.ts[0m:[93m12[0m:[93m5[0m - [91merror[0m[90m TS2322: [0mType '(model: GlobalModel) => Partial<ListData>' is not assignable to type '(model: unknown) => unknown'.
  Types of parameters 'model' and 'model' are incompatible.
    Type 'unknown' is not assignable to type 'Model'.

[7m12[0m     prepareForSave: (model: GlobalModel): Partial<ListData> => {
[7m  [0m [91m    ~~~~~~~~~~~~~~[0m

  [96mshared/core/architecture/interfaces.ts[0m:[93m15[0m:[93m3[0m
    [7m15[0m   prepareForSave?: (model: unknown) => unknown;
    [7m  [0m [96m  ~~~~~~~~~~~~~~[0m
    The expected type comes from property 'prepareForSave' which is declared here on type 'BetFeature'

[96mfeatures/listero/bet-loteria/loteria/loteria.registry.ts[0m:[93m23[0m:[93m5[0m - [91merror[0m[90m TS2322: [0mType '(betTypes: GameType[]) => Record<string, string | null>' is not assignable to type '(betTypes: unknown[]) => Record<string, string | null>'.
  Types of parameters 'betTypes' and 'betTypes' are incompatible.
    Type 'unknown[]' is not assignable to type 'GameType[]'.
      Type 'unknown' is not assignable to type 'GameType'.

[7m23[0m     identifyBetTypes: (betTypes: GameType[]): Record<string, string | null> => {
[7m  [0m [91m    ~~~~~~~~~~~~~~~~[0m

  [96mshared/core/architecture/interfaces.ts[0m:[93m17[0m:[93m3[0m
    [7m17[0m   identifyBetTypes?: (betTypes: unknown[]) => Record<string, string | null>;
    [7m  [0m [96m  ~~~~~~~~~~~~~~~~[0m
    The expected type comes from property 'identifyBetTypes' which is declared here on type 'BetFeature'

[96mfeatures/listero/bet-loteria/loteria/loteria.registry.ts[0m:[93m27[0m:[93m5[0m - [91merror[0m[90m TS2322: [0mType '(bets: BetType[], identifiedBetTypes?: Record<string, string | null>) => Partial<ListData>' is not assignable to type '(bets: unknown[], identifiedBetTypes?: Record<string, string | null> | undefined) => unknown'.
  Types of parameters 'bets' and 'bets' are incompatible.
    Type 'unknown[]' is not assignable to type 'BetType[]'.
      Type 'unknown' is not assignable to type 'BetType'.

[7m27[0m     transformBets: (bets: BetType[], identifiedBetTypes?: Record<string, string | null>): Partial<ListData> => {
[7m  [0m [91m    ~~~~~~~~~~~~~[0m

  [96mshared/core/architecture/interfaces.ts[0m:[93m18[0m:[93m3[0m
    [7m18[0m   transformBets?: (bets: unknown[], identifiedBetTypes?: Record<string, string | null>) => unknown;
    [7m  [0m [96m  ~~~~~~~~~~~~~[0m
    The expected type comes from property 'transformBets' which is declared here on type 'BetFeature'

[96mfeatures/listero/bet-loteria/presentation/context/LoteriaListContext.tsx[0m:[93m68[0m:[93m17[0m - [91merror[0m[90m TS2322: [0mType 'string | undefined' is not assignable to type 'string'.
  Type 'undefined' is not assignable to type 'string'.

[7m68[0m                 drawId: drawDetails?.id || drawId
[7m  [0m [91m                ~~~~~~[0m

[96mfeatures/listero/bet-loteria/use_loteria.ts[0m:[93m50[0m:[93m18[0m - [91merror[0m[90m TS2345: [0mArgument of type 'MsgWithPayload<"FETCH_RULES_REQUESTED", { drawId: string; }>' is not assignable to parameter of type 'FeatureMsg'.
  Type 'MsgWithPayload<"FETCH_RULES_REQUESTED", { drawId: string; }>' is not assignable to type '{ type: "RULES"; payload: RulesMsg; }'.
    Types of property 'type' are incompatible.
      Type '"FETCH_RULES_REQUESTED"' is not assignable to type '"RULES"'.

[7m50[0m         dispatch(RulesMsg.FETCH_RULES_REQUESTED({ drawId: id }));
[7m  [0m [91m                 ~~~~~~~~~~~~~~~~~~~~~~~~~~~~~~~~~~~~~~~~~~~~~~[0m

[96mfeatures/listero/bet-loteria/use_loteria.ts[0m:[93m55[0m:[93m18[0m - [91merror[0m[90m TS2345: [0mArgument of type 'MsgWithPayload<"REFRESH_RULES_REQUESTED", { drawId: string; }>' is not assignable to parameter of type 'FeatureMsg'.
  Type 'MsgWithPayload<"REFRESH_RULES_REQUESTED", { drawId: string; }>' is not assignable to type '{ type: "RULES"; payload: RulesMsg; }'.
    Types of property 'type' are incompatible.
      Type '"REFRESH_RULES_REQUESTED"' is not assignable to type '"RULES"'.

[7m55[0m         dispatch(RulesMsg.REFRESH_RULES_REQUESTED({ drawId: id }));
[7m  [0m [91m                 ~~~~~~~~~~~~~~~~~~~~~~~~~~~~~~~~~~~~~~~~~~~~~~~~[0m

[96mfeatures/listero/bet-loteria/use_loteria.ts[0m:[93m60[0m:[93m18[0m - [91merror[0m[90m TS2345: [0mArgument of type 'MsgWithPayload<"SHOW_RULES_DRAWER", { ruleType: "validation" | "reward"; rule: BackendValidationRule | BackendRewardRule; }>' is not assignable to parameter of type 'FeatureMsg'.
  Type 'MsgWithPayload<"SHOW_RULES_DRAWER", { ruleType: "validation" | "reward"; rule: BackendValidationRule | BackendRewardRule; }>' is not assignable to type '{ type: "RULES"; payload: RulesMsg; }'.
    Types of property 'type' are incompatible.
      Type '"SHOW_RULES_DRAWER"' is not assignable to type '"RULES"'.

[7m60[0m         dispatch(RulesMsg.SHOW_RULES_DRAWER({ ruleType, rule }));
[7m  [0m [91m                 ~~~~~~~~~~~~~~~~~~~~~~~~~~~~~~~~~~~~~~~~~~~~~~[0m

[96mfeatures/listero/bet-loteria/use_loteria.ts[0m:[93m65[0m:[93m18[0m - [91merror[0m[90m TS2345: [0mArgument of type 'MsgWithPayload<"HIDE_RULES_DRAWER", void>' is not assignable to parameter of type 'FeatureMsg'.
  Type 'MsgWithPayload<"HIDE_RULES_DRAWER", void>' is not assignable to type '{ type: "RULES"; payload: RulesMsg; }'.
    Types of property 'type' are incompatible.
      Type '"HIDE_RULES_DRAWER"' is not assignable to type '"RULES"'.

[7m65[0m         dispatch(RulesMsg.HIDE_RULES_DRAWER());
[7m  [0m [91m                 ~~~~~~~~~~~~~~~~~~~~~~~~~~~~[0m

[96mfeatures/listero/bet-loteria/use_loteria.ts[0m:[93m70[0m:[93m18[0m - [91merror[0m[90m TS2345: [0mArgument of type 'MsgWithPayload<"SELECT_RULE", { ruleType: "validation" | "reward"; rule: BackendValidationRule | BackendRewardRule; }>' is not assignable to parameter of type 'FeatureMsg'.
  Type 'MsgWithPayload<"SELECT_RULE", { ruleType: "validation" | "reward"; rule: BackendValidationRule | BackendRewardRule; }>' is not assignable to type '{ type: "RULES"; payload: RulesMsg; }'.
    Types of property 'type' are incompatible.
      Type '"SELECT_RULE"' is not assignable to type '"RULES"'.

[7m70[0m         dispatch(RulesMsg.SELECT_RULE({ ruleType, rule }));
[7m  [0m [91m                 ~~~~~~~~~~~~~~~~~~~~~~~~~~~~~~~~~~~~~~~~[0m

[96mfeatures/listero/bet-loteria/use_loteria.ts[0m:[93m75[0m:[93m18[0m - [91merror[0m[90m TS2345: [0mArgument of type 'MsgWithPayload<"CLEAR_SELECTION", void>' is not assignable to parameter of type 'FeatureMsg'.
  Type 'MsgWithPayload<"CLEAR_SELECTION", void>' is not assignable to type '{ type: "RULES"; payload: RulesMsg; }'.
    Types of property 'type' are incompatible.
      Type '"CLEAR_SELECTION"' is not assignable to type '"RULES"'.

[7m75[0m         dispatch(RulesMsg.CLEAR_SELECTION());
[7m  [0m [91m                 ~~~~~~~~~~~~~~~~~~~~~~~~~~[0m

[96mfeatures/listero/bet-loteria/use_loteria_selectors.ts[0m:[93m29[0m:[93m40[0m - [91merror[0m[90m TS2345: [0mArgument of type 'BackendValidationRule[]' is not assignable to parameter of type 'ValidationRule[]'.
  Type 'BackendValidationRule' is missing the following properties from type 'ValidationRule': category, status, scope, validationType, and 8 more.

[7m29[0m     return calculateLoteriaFixedAmount(validationRules, loteriaBetTypeId);
[7m  [0m [91m                                       ~~~~~~~~~~~~~~~[0m

[96mfeatures/listero/bet-workspace/core/store.ts[0m:[93m74[0m:[93m5[0m - [91merror[0m[90m TS2739: [0mType 'RewardsModel' is missing the following properties from type 'RewardsModel': status, drawId

[7m74[0m     rewards: initialRewardsModel,
[7m  [0m [91m    ~~~~~~~[0m

  [96mfeatures/listero/bet-workspace/model.ts[0m:[93m47[0m:[93m5[0m
    [7m47[0m     rewards: RewardsModel;
    [7m  [0m [96m    ~~~~~~~[0m
    The expected type comes from property 'rewards' which is declared here on type 'Model'

[96mfeatures/listero/bet-workspace/core/update.ts[0m:[93m49[0m:[93m34[0m - [91merror[0m[90m TS2345: [0mArgument of type 'Model' is not assignable to parameter of type 'CreateContextModel'.
  Property 'host' is missing in type 'Model' but required in type 'CreateContextModel'.

[7m49[0m                     updateCreate(model, payload)
[7m  [0m [91m                                 ~~~~~[0m

  [96mfeatures/listero/bet-workspace/create/core/update.ts[0m:[93m16[0m:[93m5[0m
    [7m16[0m     host: {
    [7m  [0m [96m    ~~~~[0m
    'host' is declared here.

[96mfeatures/listero/bet-workspace/list/core/update.ts[0m:[93m55[0m:[93m43[0m - [91merror[0m[90m TS2304: [0mCannot find name 'BetType'.

[7m55[0m                         onSuccess: (bets: BetType[]) => {
[7m  [0m [91m                                          ~~~~~~~[0m

[96mfeatures/listero/bet-workspace/list/core/update.ts[0m:[93m102[0m:[93m43[0m - [91merror[0m[90m TS2304: [0mCannot find name 'BetType'.

[7m102[0m                         onSuccess: (bets: BetType[]) => {
[7m   [0m [91m                                          ~~~~~~~[0m

[96mfeatures/listero/bet-workspace/management/core/update.ts[0m:[93m61[0m:[93m17[0m - [91merror[0m[90m TS2739: [0mType 'Record<string, string | null>' is missing the following properties from type '{ fijo: string | null; corrido: string | null; parlet: string | null; centena: string | null; loteria: string | null; }': fijo, corrido, parlet, centena, loteria

[7m61[0m                 betTypes = GameRegistry.identifyBetTypes(response.data);
[7m  [0m [91m                ~~~~~~~~[0m

[96mfeatures/listero/bet-workspace/rewards/core/update.ts[0m:[93m48[0m:[93m33[0m - [91merror[0m[90m TS2339: [0mProperty 'fetchBetTypes' does not exist on type 'IRewardsDataService'.

[7m48[0m                     dataService.fetchBetTypes(drawId),
[7m  [0m [91m                                ~~~~~~~~~~~~~[0m

[96mfeatures/listero/bet-workspace/rewards/core/update.ts[0m:[93m110[0m:[93m10[0m - [91merror[0m[90m TS2349: [0mThis expression is not callable.
  Type 'NonExhaustiveError<MsgWithPayload<"FETCH_REWARDS_REQUESTED", { drawId: string; }> | MsgWithPayload<"FETCH_RULES_REQUESTED", { drawId: string; }>>' has no call signatures.

[7m110[0m         .exhaustive();
[7m   [0m [91m         ~~~~~~~~~~[0m

[96mfeatures/listero/listero-dashboard/core/commands.ts[0m:[93m88[0m:[93m107[0m - [91merror[0m[90m TS2339: [0mProperty 'value' does not exist on type 'Result<ExtendedDrawType[], Error>'.
  Property 'value' does not exist on type 'Err<ExtendedDrawType[], Error>'.

[7m88[0m                         log.warn('>>> CACHE FALLBACK: Raw cached draws:', cachedDraws.isOk(), cachedDraws.value?.length);
[7m  [0m [91m                                                                                                          ~~~~~[0m

[96mfeatures/listero/listero-dashboard/core/handlers/data.handler.ts[0m:[93m183[0m:[93m9[0m - [91merror[0m[90m TS2322: [0mType 'Return<Model, unknown>' is not assignable to type 'Return<Model, Msg>'.
  Type 'unknown' is not assignable to type 'Msg'.

[7m183[0m         return result;
[7m   [0m [91m        ~~~~~~[0m

[96mfeatures/listero/listero-dashboard/core/update.ts[0m:[93m144[0m:[93m31[0m - [91merror[0m[90m TS2339: [0mProperty 'handleNavigateToError' does not exist on type '{ handleRulesClicked: (model: Model, drawId: string) => Return<Model, Msg>; handleRewardsClicked: (model: Model, drawId: string, title: string) => Return<...>; ... 4 more ...; handleSettingsClicked: (model: Model) => Return<...>; }'.

[7m144[0m             NavigationHandler.handleNavigateToError(model)
[7m   [0m [91m                              ~~~~~~~~~~~~~~~~~~~~~[0m

[96mfeatures/listero/listero-dashboard/plugins/draws_list_plugin/store.ts[0m:[93m25[0m:[93m3[0m - [91merror[0m[90m TS2322: [0mType '(model: DrawsListModel, msg: DrawsListMsg) => Return<{ draws: RemoteData<unknown, unknown>; filteredDraws: unknown[]; totalsByDrawId: Record<string, unknown>; }, unknown>' is not assignable to type '(model: DrawsListModel, msg: DrawsListMsg) => UpdateResult<DrawsListModel, DrawsListMsg>'.
  Type 'Return<{ draws: RemoteData<unknown, unknown>; filteredDraws: unknown[]; totalsByDrawId: Record<string, unknown>; }, unknown>' is not assignable to type 'UpdateResult<DrawsListModel, DrawsListMsg>'.
    Type 'Return<{ draws: RemoteData<unknown, unknown>; filteredDraws: unknown[]; totalsByDrawId: Record<string, unknown>; }, unknown>' is not assignable to type 'Return<DrawsListModel, DrawsListMsg>'.
      Type '{ draws: RemoteData<unknown, unknown>; filteredDraws: unknown[]; totalsByDrawId: Record<string, unknown>; }' is not assignable to type 'DrawsListModel'.
        Types of property 'draws' are incompatible.
          Type 'RemoteData<unknown, unknown>' is not assignable to type 'RemoteData<unknown, unknown[]>'.
            Type '{ type: "Success"; data: unknown; }' is not assignable to type 'RemoteData<unknown, unknown[]>'.
              Type '{ type: "Success"; data: unknown; }' is not assignable to type '{ type: "Success"; data: unknown[]; }'.
                Types of property 'data' are incompatible.
                  Type 'unknown' is not assignable to type 'unknown[]'.

[7m25[0m   update,
[7m  [0m [91m  ~~~~~~[0m

  [96mshared/core/engine/tea_module.tsx[0m:[93m15[0m:[93m5[0m
    [7m15[0m     update: (model: TModel, msg: TMsg) => UpdateResult<TModel, TMsg>;
    [7m  [0m [96m    ~~~~~~[0m
    The expected type comes from property 'update' which is declared here on type 'TeaModuleDef<DrawsListModel, DrawsListMsg>'

[96mfeatures/listero/listero-dashboard/plugins/draws_list_plugin/view.tsx[0m:[93m92[0m:[93m22[0m - [91merror[0m[90m TS18046: [0m'draw' is of type 'unknown'.

[7m92[0m                 key={draw.id}
[7m  [0m [91m                     ~~~~[0m

[96mfeatures/listero/listero-dashboard/plugins/draws_list_plugin/view.tsx[0m:[93m93[0m:[93m17[0m - [91merror[0m[90m TS2322: [0mType 'unknown' is not assignable to type '{ id: string; status?: string | undefined; }'.

[7m93[0m                 draw={draw}
[7m  [0m [91m                ~~~~[0m

  [96mfeatures/listero/listero-dashboard/plugins/draws_list_plugin/views/draw_item.tsx[0m:[93m5[0m:[93m3[0m
    [7m5[0m   draw: {
    [7m [0m [96m  ~~~~[0m
    The expected type comes from property 'draw' which is declared here on type 'IntrinsicAttributes & DrawItemProps'

[96mfeatures/listero/listero-dashboard/plugins/draws_list_plugin/view.tsx[0m:[93m95[0m:[93m90[0m - [91merror[0m[90m TS18048: [0m'd' is possibly 'undefined'.

[7m95[0m                 onBetsListPress={(id, title, d) => dispatch(BETS_LIST_CLICKED(id, title, d.draw_type_details?.code))}
[7m  [0m [91m                                                                                         ~[0m

[96mfeatures/listero/listero-dashboard/plugins/draws_list_plugin/view.tsx[0m:[93m95[0m:[93m92[0m - [91merror[0m[90m TS2339: [0mProperty 'draw_type_details' does not exist on type 'string'.

[7m95[0m                 onBetsListPress={(id, title, d) => dispatch(BETS_LIST_CLICKED(id, title, d.draw_type_details?.code))}
[7m  [0m [91m                                                                                           ~~~~~~~~~~~~~~~~~[0m

[96mfeatures/listero/listero-dashboard/plugins/draws_list_plugin/view.tsx[0m:[93m96[0m:[93m92[0m - [91merror[0m[90m TS18048: [0m'd' is possibly 'undefined'.

[7m96[0m                 onCreateBetPress={(id, title, d) => dispatch(CREATE_BET_CLICKED(id, title, d.draw_type_details?.code))}
[7m  [0m [91m                                                                                           ~[0m

[96mfeatures/listero/listero-dashboard/plugins/draws_list_plugin/view.tsx[0m:[93m96[0m:[93m94[0m - [91merror[0m[90m TS2339: [0mProperty 'draw_type_details' does not exist on type 'string'.

[7m96[0m                 onCreateBetPress={(id, title, d) => dispatch(CREATE_BET_CLICKED(id, title, d.draw_type_details?.code))}
[7m  [0m [91m                                                                                             ~~~~~~~~~~~~~~~~~[0m

[96mfeatures/listero/listero-dashboard/plugins/draws_list_plugin/view.tsx[0m:[93m120[0m:[93m79[0m - [91merror[0m[90m TS2339: [0mProperty 'id' does not exist on type '{}'.

[7m120[0m   firstFilteredDraw: model?.filteredDraws?.[0] ? { id: model.filteredDraws[0].id, status: model.filteredDraws[0].status } : null
[7m   [0m [91m                                                                              ~~[0m

[96mfeatures/listero/listero-dashboard/plugins/draws_list_plugin/view.tsx[0m:[93m120[0m:[93m114[0m - [91merror[0m[90m TS2339: [0mProperty 'status' does not exist on type '{}'.

[7m120[0m   firstFilteredDraw: model?.filteredDraws?.[0] ? { id: model.filteredDraws[0].id, status: model.filteredDraws[0].status } : null
[7m   [0m [91m                                                                                                                 ~~~~~~[0m

[96mfeatures/listero/listero-dashboard/profile/components/incident_list.tsx[0m:[93m264[0m:[93m48[0m - [91merror[0m[90m TS2322: [0mType '{ style?: StyleProp<ImageStyle>; id?: string | undefined; onLayout?: ((event: LayoutChangeEvent) => void) | undefined; onError?: ((error: NativeSyntheticEvent<ImageErrorEventData>) => void) | undefined; ... 64 more ...; accessibilityLargeContentTitle?: string | undefined; }' is not assignable to type 'LucideProps'.
  Types of property 'style' are incompatible.
    Type 'StyleProp<ImageStyle>' is not assignable to type 'StyleProp<ViewStyle>'.
      Type 'ImageStyle' is not assignable to type 'StyleProp<ViewStyle>'.
        Type 'ImageStyle' is not assignable to type 'ViewStyle'.
          Types of property 'transformOrigin' are incompatible.
            Type 'string | (string | number)[] | undefined' is not assignable to type 'string | undefined'.
              Type '(string | number)[]' is not assignable to type 'string'.

[7m264[0m                     accessoryLeft={(props) => <RefreshCw {...props} />}
[7m   [0m [91m                                               ~~~~~~~~~[0m

[96mfeatures/listero/listero-dashboard/screens/dashboard_screen.tsx[0m:[93m29[0m:[93m74[0m - [91merror[0m[90m TS2339: [0mProperty 'message' does not exist on type '{}'.

[7m29[0m         <Label style={styles.errorText}>Error al cargar sorteos: {error?.message || String(error)}</Label>
[7m  [0m [91m                                                                         ~~~~~~~[0m

[96mfeatures/listero/listero-dashboard/screens/dashboard_screen.tsx[0m:[93m134[0m:[93m46[0m - [91merror[0m[90m TS2339: [0mProperty 'error' does not exist on type '{ type: "Failure"; }'.

[7m134[0m                 .with(RemoteData.Failure, ({ error }) => <ErrorBanner error={error} />)
[7m   [0m [91m                                             ~~~~~[0m

[96mfeatures/listero/reward/core/selectors.ts[0m:[93m6[0m:[93m66[0m - [91merror[0m[90m TS2339: [0mProperty '_tag' does not exist on type 'WebData<BetTypeWithRewardsResponse | null>'.
  Property '_tag' does not exist on type '{ type: "NotAsked"; }'.

[7m6[0m   selectIsLoading: (model: RewardModel) => model.betTypes.status._tag === 'Loading',
[7m [0m [91m                                                                 ~~~~[0m

[96mfeatures/listero/reward/core/selectors.ts[0m:[93m7[0m:[93m65[0m - [91merror[0m[90m TS2339: [0mProperty '_tag' does not exist on type 'WebData<BetTypeWithRewardsResponse | null>'.
  Property '_tag' does not exist on type '{ type: "NotAsked"; }'.

[7m7[0m   selectHasError: (model: RewardModel) => model.betTypes.status._tag === 'Failure',
[7m [0m [91m                                                                ~~~~[0m

[96mfeatures/listero/reward/core/selectors.ts[0m:[93m10[0m:[93m19[0m - [91merror[0m[90m TS2339: [0mProperty '_tag' does not exist on type 'WebData<BetTypeWithRewardsResponse | null>'.
  Property '_tag' does not exist on type '{ type: "NotAsked"; }'.

[7m10[0m     return status._tag === 'Success' && status.data !== null && (status.data.draw_types?.length ?? 0) > 0;
[7m  [0m [91m                  ~~~~[0m

[96mfeatures/listero/reward/core/selectors.ts[0m:[93m10[0m:[93m48[0m - [91merror[0m[90m TS2339: [0mProperty 'data' does not exist on type 'WebData<BetTypeWithRewardsResponse | null>'.
  Property 'data' does not exist on type '{ type: "NotAsked"; }'.

[7m10[0m     return status._tag === 'Success' && status.data !== null && (status.data.draw_types?.length ?? 0) > 0;
[7m  [0m [91m                                               ~~~~[0m

[96mfeatures/listero/reward/core/selectors.ts[0m:[93m10[0m:[93m73[0m - [91merror[0m[90m TS2339: [0mProperty 'data' does not exist on type 'WebData<BetTypeWithRewardsResponse | null>'.
  Property 'data' does not exist on type '{ type: "NotAsked"; }'.

[7m10[0m     return status._tag === 'Success' && status.data !== null && (status.data.draw_types?.length ?? 0) > 0;
[7m  [0m [91m                                                                        ~~~~[0m

[96mfeatures/listero/reward/core/service.ts[0m:[93m12[0m:[93m16[0m - [91merror[0m[90m TS2339: [0mProperty 'ok' does not exist on type 'Result<BetTypeWithRewardsResponse, Error>'.
  Property 'ok' does not exist on type 'Ok<BetTypeWithRewardsResponse, Error>'.

[7m12[0m     if (result.ok) {
[7m  [0m [91m               ~~[0m

[96mfeatures/listero/reward/core/service.ts[0m:[93m14[0m:[93m29[0m - [91merror[0m[90m TS2339: [0mProperty 'value' does not exist on type 'Result<BetTypeWithRewardsResponse, Error>'.
  Property 'value' does not exist on type 'Err<BetTypeWithRewardsResponse, Error>'.

[7m14[0m         structureId: result.value?.structure_id,
[7m  [0m [91m                            ~~~~~[0m

[96mfeatures/listero/reward/core/service.ts[0m:[93m15[0m:[93m26[0m - [91merror[0m[90m TS2339: [0mProperty 'value' does not exist on type 'Result<BetTypeWithRewardsResponse, Error>'.
  Property 'value' does not exist on type 'Err<BetTypeWithRewardsResponse, Error>'.

[7m15[0m         bankName: result.value?.bank_name,
[7m  [0m [91m                         ~~~~~[0m

[96mfeatures/listero/reward/core/service.ts[0m:[93m16[0m:[93m27[0m - [91merror[0m[90m TS2339: [0mProperty 'value' does not exist on type 'Result<BetTypeWithRewardsResponse, Error>'.
  Property 'value' does not exist on type 'Err<BetTypeWithRewardsResponse, Error>'.

[7m16[0m         drawTypes: result.value?.draw_types?.map(dt => dt.name)
[7m  [0m [91m                          ~~~~~[0m

[96mfeatures/listero/reward/core/service.ts[0m:[93m16[0m:[93m50[0m - [91merror[0m[90m TS7006: [0mParameter 'dt' implicitly has an 'any' type.

[7m16[0m         drawTypes: result.value?.draw_types?.map(dt => dt.name)
[7m  [0m [91m                                                 ~~[0m

[96mfeatures/listero/reward/core/service.ts[0m:[93m18[0m:[93m21[0m - [91merror[0m[90m TS2339: [0mProperty 'value' does not exist on type 'Result<BetTypeWithRewardsResponse, Error>'.
  Property 'value' does not exist on type 'Err<BetTypeWithRewardsResponse, Error>'.

[7m18[0m       return result.value as BetTypeWithRewardsResponse;
[7m  [0m [91m                    ~~~~~[0m

[96mfeatures/listero/reward/core/service.ts[0m:[93m21[0m:[93m63[0m - [91merror[0m[90m TS2339: [0mProperty 'error' does not exist on type 'Result<BetTypeWithRewardsResponse, Error>'.
  Property 'error' does not exist on type 'Ok<BetTypeWithRewardsResponse, Error>'.

[7m21[0m     log.warn('[RewardService]Throwing error', { error: result.error });
[7m  [0m [91m                                                              ~~~~~[0m

[96mfeatures/listero/reward/core/service.ts[0m:[93m22[0m:[93m28[0m - [91merror[0m[90m TS2339: [0mProperty 'error' does not exist on type 'Result<BetTypeWithRewardsResponse, Error>'.
  Property 'error' does not exist on type 'Ok<BetTypeWithRewardsResponse, Error>'.

[7m22[0m     throw new Error(result.error);
[7m  [0m [91m                           ~~~~~[0m

[96mfeatures/listero/reward/core/update.ts[0m:[93m10[0m:[93m7[0m - [91merror[0m[90m TS2367: [0mThis comparison appears to be unintentional because the types '"FETCH_BET_TYPES_REQUESTED" | "INIT_MODULE" | "FETCH_BET_TYPES_SUCCEEDED" | "FETCH_BET_TYPES_FAILED"' and '"NO_OP"' have no overlap.

[7m10[0m   if (msg.type !== 'NO_OP') {
[7m  [0m [91m      ~~~~~~~~~~~~~~~~~~~~[0m

[96mfeatures/listero/reward/core/update.ts[0m:[93m104[0m:[93m11[0m - [91merror[0m[90m TS2339: [0mProperty 'type' does not exist on type 'never'.

[7m104[0m   if (msg.type === 'FETCH_RULES_REQUESTED') {
[7m   [0m [91m          ~~~~[0m

[96mfeatures/listero/reward/core/update.ts[0m:[93m108[0m:[93m11[0m - [91merror[0m[90m TS2339: [0mProperty 'type' does not exist on type 'never'.

[7m108[0m   if (msg.type === 'FETCH_REWARDS_REQUESTED') {
[7m   [0m [91m          ~~~~[0m

[96mfeatures/listero/reward/core/update.ts[0m:[93m112[0m:[93m65[0m - [91merror[0m[90m TS2339: [0mProperty 'type' does not exist on type 'never'.

[7m112[0m   log.warn('[RewardUpdate] Mensaje no manejado', { msgType: msg.type });
[7m   [0m [91m                                                                ~~~~[0m

[96mfeatures/listero/reward/screen/parts/PrizesEmpty.tsx[0m:[93m8[0m:[93m13[0m - [91merror[0m[90m TS2769: [0mNo overload matches this call.
  Overload 1 of 2, '(props: TextProps): Text', gave the following error.
    Type '{ children: string; category: string; style: { color: any; }; }' is not assignable to type 'IntrinsicAttributes & IntrinsicClassAttributes<Text> & Readonly<TextProps>'.
      Property 'category' does not exist on type 'IntrinsicAttributes & IntrinsicClassAttributes<Text> & Readonly<TextProps>'.
  Overload 2 of 2, '(props: TextProps, context: any): Text', gave the following error.
    Type '{ children: string; category: string; style: { color: any; }; }' is not assignable to type 'IntrinsicAttributes & IntrinsicClassAttributes<Text> & Readonly<TextProps>'.
      Property 'category' does not exist on type 'IntrinsicAttributes & IntrinsicClassAttributes<Text> & Readonly<TextProps>'.

[7m8[0m       <Text category="h5" style={{ color: theme.text }}>Tabla de Premios</Text>
[7m [0m [91m            ~~~~~~~~[0m


[96mfeatures/listero/reward/screen/parts/PrizesEmpty.tsx[0m:[93m12[0m:[93m13[0m - [91merror[0m[90m TS2769: [0mNo overload matches this call.
  Overload 1 of 2, '(props: TextProps): Text', gave the following error.
    Type '{ children: string; category: string; style: { marginTop: number; fontWeight: "bold"; textAlign: "center"; }; }' is not assignable to type 'IntrinsicAttributes & IntrinsicClassAttributes<Text> & Readonly<TextProps>'.
      Property 'category' does not exist on type 'IntrinsicAttributes & IntrinsicClassAttributes<Text> & Readonly<TextProps>'.
  Overload 2 of 2, '(props: TextProps, context: any): Text', gave the following error.
    Type '{ children: string; category: string; style: { marginTop: number; fontWeight: "bold"; textAlign: "center"; }; }' is not assignable to type 'IntrinsicAttributes & IntrinsicClassAttributes<Text> & Readonly<TextProps>'.
      Property 'category' does not exist on type 'IntrinsicAttributes & IntrinsicClassAttributes<Text> & Readonly<TextProps>'.

[7m12[0m       <Text category="h6" style={styles.emptyText}>
[7m  [0m [91m            ~~~~~~~~[0m


[96mfeatures/listero/reward/screen/parts/PrizesEmpty.tsx[0m:[93m15[0m:[93m13[0m - [91merror[0m[90m TS2769: [0mNo overload matches this call.
  Overload 1 of 2, '(props: TextProps): Text', gave the following error.
    Type '{ children: string; category: string; appearance: string; style: { marginTop: number; textAlign: "center"; paddingHorizontal: number; }; }' is not assignable to type 'IntrinsicAttributes & IntrinsicClassAttributes<Text> & Readonly<TextProps>'.
      Property 'category' does not exist on type 'IntrinsicAttributes & IntrinsicClassAttributes<Text> & Readonly<TextProps>'.
  Overload 2 of 2, '(props: TextProps, context: any): Text', gave the following error.
    Type '{ children: string; category: string; appearance: string; style: { marginTop: number; textAlign: "center"; paddingHorizontal: number; }; }' is not assignable to type 'IntrinsicAttributes & IntrinsicClassAttributes<Text> & Readonly<TextProps>'.
      Property 'category' does not exist on type 'IntrinsicAttributes & IntrinsicClassAttributes<Text> & Readonly<TextProps>'.

[7m15[0m       <Text category="p1" appearance="hint" style={styles.emptySubtext}>
[7m  [0m [91m            ~~~~~~~~[0m


[96mfeatures/listero/reward/screen/parts/PrizesLoading.tsx[0m:[93m7[0m:[93m13[0m - [91merror[0m[90m TS2769: [0mNo overload matches this call.
  Overload 1 of 2, '(props: TextProps): Text', gave the following error.
    Type '{ children: string; category: string; style: { color: any; }; }' is not assignable to type 'IntrinsicAttributes & IntrinsicClassAttributes<Text> & Readonly<TextProps>'.
      Property 'category' does not exist on type 'IntrinsicAttributes & IntrinsicClassAttributes<Text> & Readonly<TextProps>'.
  Overload 2 of 2, '(props: TextProps, context: any): Text', gave the following error.
    Type '{ children: string; category: string; style: { color: any; }; }' is not assignable to type 'IntrinsicAttributes & IntrinsicClassAttributes<Text> & Readonly<TextProps>'.
      Property 'category' does not exist on type 'IntrinsicAttributes & IntrinsicClassAttributes<Text> & Readonly<TextProps>'.

[7m7[0m       <Text category="h5" style={{ color: theme.text }}>Tabla de Premios</Text>
[7m [0m [91m            ~~~~~~~~[0m


[96mfeatures/listero/reward/screen/parts/PrizesLoading.tsx[0m:[93m11[0m:[93m13[0m - [91merror[0m[90m TS2769: [0mNo overload matches this call.
  Overload 1 of 2, '(props: TextProps): Text', gave the following error.
    Type '{ children: string; category: string; style: ({ marginTop: number; } | { color: any; })[]; }' is not assignable to type 'IntrinsicAttributes & IntrinsicClassAttributes<Text> & Readonly<TextProps>'.
      Property 'category' does not exist on type 'IntrinsicAttributes & IntrinsicClassAttributes<Text> & Readonly<TextProps>'.
  Overload 2 of 2, '(props: TextProps, context: any): Text', gave the following error.
    Type '{ children: string; category: string; style: ({ marginTop: number; } | { color: any; })[]; }' is not assignable to type 'IntrinsicAttributes & IntrinsicClassAttributes<Text> & Readonly<TextProps>'.
      Property 'category' does not exist on type 'IntrinsicAttributes & IntrinsicClassAttributes<Text> & Readonly<TextProps>'.

[7m11[0m       <Text category="s1" style={[styles.loadingText, { color: theme.textSecondary }]}>
[7m  [0m [91m            ~~~~~~~~[0m


[96mfeatures/listero/reward/screen/PrizesScreen.tsx[0m:[93m47[0m:[93m61[0m - [91merror[0m[90m TS2322: [0mType '{ drawTypes: DrawTypeWithBetTypes[]; bankName: string | null; theme: { primary: string; primaryLight: string; secondary: string; success: string; successLight: string; ... 13 more ...; tabIconSelected: string; } | { ...; }; }' is not assignable to type 'IntrinsicAttributes & { drawTypes: any[]; bankName: string | null; }'.
  Property 'theme' does not exist on type 'IntrinsicAttributes & { drawTypes: any[]; bankName: string | null; }'.

[7m47[0m       <PrizesList drawTypes={drawTypes} bankName={bankName} theme={theme} />
[7m  [0m [91m                                                            ~~~~~[0m

[96mfeatures/listero/reward/screen/PrizesScreen.tsx[0m:[93m49[0m:[93m6[0m - [91merror[0m[90m TS2349: [0mThis expression is not callable.
  Type 'NonExhaustiveError<{ readonly status: "Loading"; readonly isLoading: false; readonly hasError: false; readonly hasData: boolean; } | { readonly status: "Failure"; readonly isLoading: false; readonly hasError: false; readonly hasData: boolean; }>' has no call signatures.

[7m49[0m     .exhaustive(() => (
[7m  [0m [91m     ~~~~~~~~~~[0m

[96mfeatures/listero/winning/core/selectors.ts[0m:[93m107[0m:[93m5[0m - [91merror[0m[90m TS2554: [0mExpected 0-1 arguments, but got 2.

[7m107[0m     shallow
[7m   [0m [91m    ~~~~~~~[0m

[96mfeatures/listero/winning/core/update.ts[0m:[93m266[0m:[93m43[0m - [91merror[0m[90m TS2345: [0mArgument of type '{ userWinnings: RemoteData<unknown, WinningBet[]>; draws: RemoteData<unknown, WinningDrawGroup[]>; allWinners: AllWinnersStatus; ... 8 more ...; filteredData: WinningDrawGroup[] | WinningRecordGroup[]; }' is not assignable to parameter of type 'WinningModel'.
  Types of property 'draws' are incompatible.
    Type 'RemoteData<unknown, WinningDrawGroup[]>' is not assignable to type 'WinningStatus'.
      Type '{ type: "Failure"; error: unknown; }' is not assignable to type 'WinningStatus'.
        Type '{ type: "Failure"; error: unknown; }' is not assignable to type '{ type: "Failure"; error: string; }'.
          Types of property 'error' are incompatible.
            Type 'unknown' is not assignable to type 'string'.

[7m266[0m     nextModel.filteredData = applyFilters(nextModel);
[7m   [0m [91m                                          ~~~~~~~~~[0m

[96mfeatures/listero/winning/core/update.ts[0m:[93m268[0m:[93m5[0m - [91merror[0m[90m TS2322: [0mType 'Return<{ userWinnings: RemoteData<unknown, WinningBet[]>; draws: RemoteData<unknown, WinningDrawGroup[]>; allWinners: AllWinnersStatus; ... 8 more ...; filteredData: WinningDrawGroup[] | WinningRecordGroup[]; }, WinningMsg>' is not assignable to type 'Return<WinningModel, WinningMsg>'.
  Type '{ userWinnings: RemoteData<unknown, WinningBet[]>; draws: RemoteData<unknown, WinningDrawGroup[]>; allWinners: AllWinnersStatus; ... 8 more ...; filteredData: WinningDrawGroup[] | WinningRecordGroup[]; }' is not assignable to type 'WinningModel'.
    Types of property 'draws' are incompatible.
      Type 'RemoteData<unknown, WinningDrawGroup[]>' is not assignable to type 'WinningStatus'.
        Type '{ type: "Failure"; error: unknown; }' is not assignable to type 'WinningStatus'.
          Type '{ type: "Failure"; error: unknown; }' is not assignable to type '{ type: "Failure"; error: string; }'.
            Types of property 'error' are incompatible.
              Type 'unknown' is not assignable to type 'string'.

[7m268[0m     return ret(nextModel, Cmd.none);
[7m   [0m [91m    ~~~~~~[0m

[96mfeatures/listero/winning/core/update.ts[0m:[93m318[0m:[93m43[0m - [91merror[0m[90m TS2345: [0mArgument of type '{ allWinners: RemoteData<unknown, WinningRecordGroup[]>; draws: WinningStatus; userWinnings: WinningsStatus; ... 8 more ...; filteredData: WinningDrawGroup[] | WinningRecordGroup[]; }' is not assignable to parameter of type 'WinningModel'.
  Types of property 'allWinners' are incompatible.
    Type 'RemoteData<unknown, WinningRecordGroup[]>' is not assignable to type 'AllWinnersStatus'.
      Type '{ type: "Failure"; error: unknown; }' is not assignable to type 'AllWinnersStatus'.
        Type '{ type: "Failure"; error: unknown; }' is not assignable to type '{ type: "Failure"; error: string; }'.
          Types of property 'error' are incompatible.
            Type 'unknown' is not assignable to type 'string'.

[7m318[0m     nextModel.filteredData = applyFilters(nextModel);
[7m   [0m [91m                                          ~~~~~~~~~[0m

[96mfeatures/listero/winning/core/update.ts[0m:[93m319[0m:[93m5[0m - [91merror[0m[90m TS2322: [0mType 'Return<{ allWinners: RemoteData<unknown, WinningRecordGroup[]>; draws: WinningStatus; userWinnings: WinningsStatus; pendingRewardsCount: number; ... 7 more ...; filteredData: WinningDrawGroup[] | WinningRecordGroup[]; }, WinningMsg>' is not assignable to type 'Return<WinningModel, WinningMsg>'.
  Type '{ allWinners: RemoteData<unknown, WinningRecordGroup[]>; draws: WinningStatus; userWinnings: WinningsStatus; ... 8 more ...; filteredData: WinningDrawGroup[] | WinningRecordGroup[]; }' is not assignable to type 'WinningModel'.
    Types of property 'allWinners' are incompatible.
      Type 'RemoteData<unknown, WinningRecordGroup[]>' is not assignable to type 'AllWinnersStatus'.
        Type '{ type: "Failure"; error: unknown; }' is not assignable to type 'AllWinnersStatus'.
          Type '{ type: "Failure"; error: unknown; }' is not assignable to type '{ type: "Failure"; error: string; }'.
            Types of property 'error' are incompatible.
              Type 'unknown' is not assignable to type 'string'.

[7m319[0m     return ret(nextModel, Cmd.none);
[7m   [0m [91m    ~~~~~~[0m

[96mfeatures/listero/winning/screen/components/ViewTabs.tsx[0m:[93m24[0m:[93m11[0m - [91merror[0m[90m TS2769: [0mNo overload matches this call.
  Overload 1 of 2, '(props: TextProps): Text', gave the following error.
    Type '{ children: string; category: string; style: { color: any; marginLeft: number; }; }' is not assignable to type 'IntrinsicAttributes & IntrinsicClassAttributes<Text> & Readonly<TextProps>'.
      Property 'category' does not exist on type 'IntrinsicAttributes & IntrinsicClassAttributes<Text> & Readonly<TextProps>'.
  Overload 2 of 2, '(props: TextProps, context: any): Text', gave the following error.
    Type '{ children: string; category: string; style: { color: any; marginLeft: number; }; }' is not assignable to type 'IntrinsicAttributes & IntrinsicClassAttributes<Text> & Readonly<TextProps>'.
      Property 'category' does not exist on type 'IntrinsicAttributes & IntrinsicClassAttributes<Text> & Readonly<TextProps>'.

[7m24[0m           category="c1"
[7m  [0m [91m          ~~~~~~~~[0m


[96mfeatures/listero/winning/screen/components/ViewTabs.tsx[0m:[93m43[0m:[93m11[0m - [91merror[0m[90m TS2769: [0mNo overload matches this call.
  Overload 1 of 2, '(props: TextProps): Text', gave the following error.
    Type '{ children: string; category: string; style: { color: any; marginLeft: number; }; }' is not assignable to type 'IntrinsicAttributes & IntrinsicClassAttributes<Text> & Readonly<TextProps>'.
      Property 'category' does not exist on type 'IntrinsicAttributes & IntrinsicClassAttributes<Text> & Readonly<TextProps>'.
  Overload 2 of 2, '(props: TextProps, context: any): Text', gave the following error.
    Type '{ children: string; category: string; style: { color: any; marginLeft: number; }; }' is not assignable to type 'IntrinsicAttributes & IntrinsicClassAttributes<Text> & Readonly<TextProps>'.
      Property 'category' does not exist on type 'IntrinsicAttributes & IntrinsicClassAttributes<Text> & Readonly<TextProps>'.

[7m43[0m           category="c1"
[7m  [0m [91m          ~~~~~~~~[0m


[96mfeatures/listero/winning/screen/components/WinnerCard.tsx[0m:[93m31[0m:[93m15[0m - [91merror[0m[90m TS2769: [0mNo overload matches this call.
  Overload 1 of 2, '(props: TextProps): Text', gave the following error.
    Type '{ children: string; category: string; style: { color: string; }; }' is not assignable to type 'IntrinsicAttributes & IntrinsicClassAttributes<Text> & Readonly<TextProps>'.
      Property 'category' does not exist on type 'IntrinsicAttributes & IntrinsicClassAttributes<Text> & Readonly<TextProps>'.
  Overload 2 of 2, '(props: TextProps, context: any): Text', gave the following error.
    Type '{ children: string; category: string; style: { color: string; }; }' is not assignable to type 'IntrinsicAttributes & IntrinsicClassAttributes<Text> & Readonly<TextProps>'.
      Property 'category' does not exist on type 'IntrinsicAttributes & IntrinsicClassAttributes<Text> & Readonly<TextProps>'.

[7m31[0m         <Text category="s2" style={{ color: theme.text }}>
[7m  [0m [91m              ~~~~~~~~[0m


[96mfeatures/listero/winning/screen/components/WinnerCard.tsx[0m:[93m34[0m:[93m15[0m - [91merror[0m[90m TS2769: [0mNo overload matches this call.
  Overload 1 of 2, '(props: TextProps): Text', gave the following error.
    Type '{ children: (string | undefined)[]; category: string; appearance: string; }' is not assignable to type 'IntrinsicAttributes & IntrinsicClassAttributes<Text> & Readonly<TextProps>'.
      Property 'category' does not exist on type 'IntrinsicAttributes & IntrinsicClassAttributes<Text> & Readonly<TextProps>'.
  Overload 2 of 2, '(props: TextProps, context: any): Text', gave the following error.
    Type '{ children: (string | undefined)[]; category: string; appearance: string; }' is not assignable to type 'IntrinsicAttributes & IntrinsicClassAttributes<Text> & Readonly<TextProps>'.
      Property 'category' does not exist on type 'IntrinsicAttributes & IntrinsicClassAttributes<Text> & Readonly<TextProps>'.

[7m34[0m         <Text category="c1" appearance="hint">
[7m  [0m [91m              ~~~~~~~~[0m


[96mfeatures/listero/winning/screen/components/WinnerCard.tsx[0m:[93m40[0m:[93m15[0m - [91merror[0m[90m TS2769: [0mNo overload matches this call.
  Overload 1 of 2, '(props: TextProps): Text', gave the following error.
    Type '{ children: string; category: string; style: { marginBottom: number; }; }' is not assignable to type 'IntrinsicAttributes & IntrinsicClassAttributes<Text> & Readonly<TextProps>'.
      Property 'category' does not exist on type 'IntrinsicAttributes & IntrinsicClassAttributes<Text> & Readonly<TextProps>'.
  Overload 2 of 2, '(props: TextProps, context: any): Text', gave the following error.
    Type '{ children: string; category: string; style: { marginBottom: number; }; }' is not assignable to type 'IntrinsicAttributes & IntrinsicClassAttributes<Text> & Readonly<TextProps>'.
      Property 'category' does not exist on type 'IntrinsicAttributes & IntrinsicClassAttributes<Text> & Readonly<TextProps>'.

[7m40[0m         <Text category="s1" style={styles.winningLabel}>Número Ganador</Text>
[7m  [0m [91m              ~~~~~~~~[0m


[96mfeatures/listero/winning/screen/components/WinnerCard.tsx[0m:[93m41[0m:[93m15[0m - [91merror[0m[90m TS2769: [0mNo overload matches this call.
  Overload 1 of 2, '(props: TextProps): Text', gave the following error.
    Type '{ children: string; category: string; style: ({ fontSize: number; fontWeight: "bold"; letterSpacing: number; } | { color: string; })[]; }' is not assignable to type 'IntrinsicAttributes & IntrinsicClassAttributes<Text> & Readonly<TextProps>'.
      Property 'category' does not exist on type 'IntrinsicAttributes & IntrinsicClassAttributes<Text> & Readonly<TextProps>'.
  Overload 2 of 2, '(props: TextProps, context: any): Text', gave the following error.
    Type '{ children: string; category: string; style: ({ fontSize: number; fontWeight: "bold"; letterSpacing: number; } | { color: string; })[]; }' is not assignable to type 'IntrinsicAttributes & IntrinsicClassAttributes<Text> & Readonly<TextProps>'.
      Property 'category' does not exist on type 'IntrinsicAttributes & IntrinsicClassAttributes<Text> & Readonly<TextProps>'.

[7m41[0m         <Text category="headlineMedium" style={[styles.winningNumber, { color: theme.primary }]}>
[7m  [0m [91m              ~~~~~~~~[0m


[96mfeatures/listero/winning/screen/components/WinnerCard.tsx[0m:[93m49[0m:[93m17[0m - [91merror[0m[90m TS2769: [0mNo overload matches this call.
  Overload 1 of 2, '(props: TextProps): Text', gave the following error.
    Type '{ children: string; category: string; style: { color: string; marginBottom: number; }; }' is not assignable to type 'IntrinsicAttributes & IntrinsicClassAttributes<Text> & Readonly<TextProps>'.
      Property 'category' does not exist on type 'IntrinsicAttributes & IntrinsicClassAttributes<Text> & Readonly<TextProps>'.
  Overload 2 of 2, '(props: TextProps, context: any): Text', gave the following error.
    Type '{ children: string; category: string; style: { color: string; marginBottom: number; }; }' is not assignable to type 'IntrinsicAttributes & IntrinsicClassAttributes<Text> & Readonly<TextProps>'.
      Property 'category' does not exist on type 'IntrinsicAttributes & IntrinsicClassAttributes<Text> & Readonly<TextProps>'.

[7m49[0m           <Text category="c2" style={{ color: theme.textSecondary, marginBottom: 8 }}>
[7m  [0m [91m                ~~~~~~~~[0m


[96mfeatures/listero/winning/screen/components/WinnerCard.tsx[0m:[93m55[0m:[93m23[0m - [91merror[0m[90m TS2769: [0mNo overload matches this call.
  Overload 1 of 2, '(props: TextProps): Text', gave the following error.
    Type '{ children: string; category: string; style: { color: string; }; }' is not assignable to type 'IntrinsicAttributes & IntrinsicClassAttributes<Text> & Readonly<TextProps>'.
      Property 'category' does not exist on type 'IntrinsicAttributes & IntrinsicClassAttributes<Text> & Readonly<TextProps>'.
  Overload 2 of 2, '(props: TextProps, context: any): Text', gave the following error.
    Type '{ children: string; category: string; style: { color: string; }; }' is not assignable to type 'IntrinsicAttributes & IntrinsicClassAttributes<Text> & Readonly<TextProps>'.
      Property 'category' does not exist on type 'IntrinsicAttributes & IntrinsicClassAttributes<Text> & Readonly<TextProps>'.

[7m55[0m                 <Text category="c1" style={{ color: theme.text }}>
[7m  [0m [91m                      ~~~~~~~~[0m


[96mfeatures/listero/winning/screen/components/WinnerCard.tsx[0m:[93m58[0m:[93m23[0m - [91merror[0m[90m TS2769: [0mNo overload matches this call.
  Overload 1 of 2, '(props: TextProps): Text', gave the following error.
    Type '{ children: string[]; category: string; appearance: string; }' is not assignable to type 'IntrinsicAttributes & IntrinsicClassAttributes<Text> & Readonly<TextProps>'.
      Property 'category' does not exist on type 'IntrinsicAttributes & IntrinsicClassAttributes<Text> & Readonly<TextProps>'.
  Overload 2 of 2, '(props: TextProps, context: any): Text', gave the following error.
    Type '{ children: string[]; category: string; appearance: string; }' is not assignable to type 'IntrinsicAttributes & IntrinsicClassAttributes<Text> & Readonly<TextProps>'.
      Property 'category' does not exist on type 'IntrinsicAttributes & IntrinsicClassAttributes<Text> & Readonly<TextProps>'.

[7m58[0m                 <Text category="c2" appearance="hint">
[7m  [0m [91m                      ~~~~~~~~[0m


[96mfeatures/listero/winning/screen/components/WinnerCard.tsx[0m:[93m63[0m:[93m23[0m - [91merror[0m[90m TS2769: [0mNo overload matches this call.
  Overload 1 of 2, '(props: TextProps): Text', gave the following error.
    Type '{ children: string[]; category: string; style: { color: string; }; }' is not assignable to type 'IntrinsicAttributes & IntrinsicClassAttributes<Text> & Readonly<TextProps>'.
      Property 'category' does not exist on type 'IntrinsicAttributes & IntrinsicClassAttributes<Text> & Readonly<TextProps>'.
  Overload 2 of 2, '(props: TextProps, context: any): Text', gave the following error.
    Type '{ children: string[]; category: string; style: { color: string; }; }' is not assignable to type 'IntrinsicAttributes & IntrinsicClassAttributes<Text> & Readonly<TextProps>'.
      Property 'category' does not exist on type 'IntrinsicAttributes & IntrinsicClassAttributes<Text> & Readonly<TextProps>'.

[7m63[0m                 <Text category="s2" style={{ color: theme.success }}>
[7m  [0m [91m                      ~~~~~~~~[0m


[96mfeatures/listero/winning/screen/components/WinnerCard.tsx[0m:[93m66[0m:[93m23[0m - [91merror[0m[90m TS2769: [0mNo overload matches this call.
  Overload 1 of 2, '(props: TextProps): Text', gave the following error.
    Type '{ children: string[]; category: string; appearance: string; }' is not assignable to type 'IntrinsicAttributes & IntrinsicClassAttributes<Text> & Readonly<TextProps>'.
      Property 'category' does not exist on type 'IntrinsicAttributes & IntrinsicClassAttributes<Text> & Readonly<TextProps>'.
  Overload 2 of 2, '(props: TextProps, context: any): Text', gave the following error.
    Type '{ children: string[]; category: string; appearance: string; }' is not assignable to type 'IntrinsicAttributes & IntrinsicClassAttributes<Text> & Readonly<TextProps>'.
      Property 'category' does not exist on type 'IntrinsicAttributes & IntrinsicClassAttributes<Text> & Readonly<TextProps>'.

[7m66[0m                 <Text category="c2" appearance="hint">
[7m  [0m [91m                      ~~~~~~~~[0m


[96mfeatures/listero/winning/screen/components/WinnerCard.tsx[0m:[93m73[0m:[93m19[0m - [91merror[0m[90m TS2769: [0mNo overload matches this call.
  Overload 1 of 2, '(props: TextProps): Text', gave the following error.
    Type '{ children: string; category: string; style: { color: string; }; }' is not assignable to type 'IntrinsicAttributes & IntrinsicClassAttributes<Text> & Readonly<TextProps>'.
      Property 'category' does not exist on type 'IntrinsicAttributes & IntrinsicClassAttributes<Text> & Readonly<TextProps>'.
  Overload 2 of 2, '(props: TextProps, context: any): Text', gave the following error.
    Type '{ children: string; category: string; style: { color: string; }; }' is not assignable to type 'IntrinsicAttributes & IntrinsicClassAttributes<Text> & Readonly<TextProps>'.
      Property 'category' does not exist on type 'IntrinsicAttributes & IntrinsicClassAttributes<Text> & Readonly<TextProps>'.

[7m73[0m             <Text category="s1" style={{ color: theme.text }}>
[7m  [0m [91m                  ~~~~~~~~[0m


[96mfeatures/listero/winning/screen/components/WinnerCard.tsx[0m:[93m76[0m:[93m19[0m - [91merror[0m[90m TS2769: [0mNo overload matches this call.
  Overload 1 of 2, '(props: TextProps): Text', gave the following error.
    Type '{ children: string; category: string; style: { color: string; }; }' is not assignable to type 'IntrinsicAttributes & IntrinsicClassAttributes<Text> & Readonly<TextProps>'.
      Property 'category' does not exist on type 'IntrinsicAttributes & IntrinsicClassAttributes<Text> & Readonly<TextProps>'.
  Overload 2 of 2, '(props: TextProps, context: any): Text', gave the following error.
    Type '{ children: string; category: string; style: { color: string; }; }' is not assignable to type 'IntrinsicAttributes & IntrinsicClassAttributes<Text> & Readonly<TextProps>'.
      Property 'category' does not exist on type 'IntrinsicAttributes & IntrinsicClassAttributes<Text> & Readonly<TextProps>'.

[7m76[0m             <Text category="s1" style={{ color: theme.success }}>
[7m  [0m [91m                  ~~~~~~~~[0m


[96mfeatures/listero/winning/screen/components/WinnerCard.tsx[0m:[93m84[0m:[93m15[0m - [91merror[0m[90m TS2769: [0mNo overload matches this call.
  Overload 1 of 2, '(props: TextProps): Text', gave the following error.
    Type '{ children: string[]; category: string; appearance: string; }' is not assignable to type 'IntrinsicAttributes & IntrinsicClassAttributes<Text> & Readonly<TextProps>'.
      Property 'category' does not exist on type 'IntrinsicAttributes & IntrinsicClassAttributes<Text> & Readonly<TextProps>'.
  Overload 2 of 2, '(props: TextProps, context: any): Text', gave the following error.
    Type '{ children: string[]; category: string; appearance: string; }' is not assignable to type 'IntrinsicAttributes & IntrinsicClassAttributes<Text> & Readonly<TextProps>'.
      Property 'category' does not exist on type 'IntrinsicAttributes & IntrinsicClassAttributes<Text> & Readonly<TextProps>'.

[7m84[0m         <Text category="c2" appearance="hint">
[7m  [0m [91m              ~~~~~~~~[0m


[96mshared/auth/v1/update.ts[0m:[93m76[0m:[93m43[0m - [91merror[0m[90m TS18048: [0m'result.data.data' is possibly 'undefined'.

[7m76[0m                                     user: result.data.data.user,
[7m  [0m [91m                                          ~~~~~~~~~~~~~~~~[0m

[96mshared/auth/v1/update.ts[0m:[93m77[0m:[93m55[0m - [91merror[0m[90m TS18048: [0m'result.data.data' is possibly 'undefined'.

[7m77[0m                                     tokens: { access: result.data.data.accessToken, refresh: result.data.data.refreshToken },
[7m  [0m [91m                                                      ~~~~~~~~~~~~~~~~[0m

[96mshared/auth/v1/update.ts[0m:[93m77[0m:[93m94[0m - [91merror[0m[90m TS18048: [0m'result.data.data' is possibly 'undefined'.

[7m77[0m                                     tokens: { access: result.data.data.accessToken, refresh: result.data.data.refreshToken },
[7m  [0m [91m                                                                                             ~~~~~~~~~~~~~~~~[0m

[96mshared/auth/v1/update.ts[0m:[93m78[0m:[93m48[0m - [91merror[0m[90m TS18048: [0m'result.data.data' is possibly 'undefined'.

[7m78[0m                                     isOffline: result.data.data.isOffline,
[7m  [0m [91m                                               ~~~~~~~~~~~~~~~~[0m

[96mshared/auth/v1/update.ts[0m:[93m79[0m:[93m55[0m - [91merror[0m[90m TS18048: [0m'result.data.data' is possibly 'undefined'.

[7m79[0m                                     needs_pin_change: result.data.data.needs_pin_change
[7m  [0m [91m                                                      ~~~~~~~~~~~~~~~~[0m

[96mshared/auth/v1/update.ts[0m:[93m82[0m:[93m51[0m - [91merror[0m[90m TS2322: [0mType 'string | undefined' is not assignable to type 'string'.
  Type 'undefined' is not assignable to type 'string'.

[7m82[0m                             return LOGIN_FAILED({ error: result.data.error.message, type: result.data.error.type });
[7m  [0m [91m                                                  ~~~~~[0m

  [96mshared/auth/v1/msg.ts[0m:[93m11[0m:[93m57[0m
    [7m11[0m export const LOGIN_FAILED = createMsg<'LOGIN_FAILED', { error: string; type?: AuthErrorType }>('LOGIN_FAILED');
    [7m  [0m [96m                                                        ~~~~~[0m
    The expected type comes from property 'error' which is declared here on type '{ error: string; type?: AuthErrorType | undefined; }'

[96mshared/auth/v1/update.ts[0m:[93m82[0m:[93m58[0m - [91merror[0m[90m TS18048: [0m'result.data.error' is possibly 'undefined'.

[7m82[0m                             return LOGIN_FAILED({ error: result.data.error.message, type: result.data.error.type });
[7m  [0m [91m                                                         ~~~~~~~~~~~~~~~~~[0m

[96mshared/auth/v1/update.ts[0m:[93m82[0m:[93m91[0m - [91merror[0m[90m TS18048: [0m'result.data.error' is possibly 'undefined'.

[7m82[0m                             return LOGIN_FAILED({ error: result.data.error.message, type: result.data.error.type });
[7m  [0m [91m                                                                                          ~~~~~~~~~~~~~~~~~[0m

[96mshared/auth/v1/update.ts[0m:[93m170[0m:[93m74[0m - [91merror[0m[90m TS18048: [0m'result.data.data' is possibly 'undefined'.

[7m170[0m                             return REFRESH_SUCCEEDED({ tokens: { access: result.data.data.accessToken, refresh: result.data.data.refreshToken || model.tokens?.refresh } });
[7m   [0m [91m                                                                         ~~~~~~~~~~~~~~~~[0m

[96mshared/auth/v1/update.ts[0m:[93m170[0m:[93m113[0m - [91merror[0m[90m TS18048: [0m'result.data.data' is possibly 'undefined'.

[7m170[0m                             return REFRESH_SUCCEEDED({ tokens: { access: result.data.data.accessToken, refresh: result.data.data.refreshToken || model.tokens?.refresh } });
[7m   [0m [91m                                                                                                                ~~~~~~~~~~~~~~~~[0m

[96mshared/components/bets/centenas_column.tsx[0m:[93m6[0m:[93m10[0m - [91merror[0m[90m TS2305: [0mModule '"@/features/listero/bet-workspace/core/store"' has no exported member 'useBetsStore'.

[7m6[0m import { useBetsStore, selectBetsModel } from '@/features/listero/bet-workspace/core/store';
[7m [0m [91m         ~~~~~~~~~~~~[0m

[96mshared/components/bets/centenas_column.tsx[0m:[93m6[0m:[93m24[0m - [91merror[0m[90m TS2305: [0mModule '"@/features/listero/bet-workspace/core/store"' has no exported member 'selectBetsModel'.

[7m6[0m import { useBetsStore, selectBetsModel } from '@/features/listero/bet-workspace/core/store';
[7m [0m [91m                       ~~~~~~~~~~~~~~~[0m

[96mshared/components/bets/centenas_column.tsx[0m:[93m22[0m:[93m28[0m - [91merror[0m[90m TS7006: [0mParameter 'item' implicitly has an 'any' type.

[7m22[0m                 {bets.map((item) => (
[7m  [0m [91m                           ~~~~[0m

[96mshared/components/example/flex_examples.tsx[0m:[93m19[0m:[93m31[0m - [91merror[0m[90m TS2769: [0mNo overload matches this call.
  Overload 1 of 2, '(props: ViewProps): View', gave the following error.
    Type '{ backgroundColor: string; width: string | number; height: string | number; }' is not assignable to type 'ViewStyle | Falsy | RegisteredStyle<ViewStyle> | RecursiveArray<ViewStyle | Falsy | RegisteredStyle<ViewStyle>> | readonly (ViewStyle | ... 1 more ... | RegisteredStyle<...>)[]'.
      Types of property 'width' are incompatible.
        Type 'string | number' is not assignable to type 'DimensionValue | undefined'.
          Type 'string' is not assignable to type 'DimensionValue | undefined'.
  Overload 2 of 2, '(props: ViewProps, context: any): View', gave the following error.
    Type '{ backgroundColor: string; width: string | number; height: string | number; }' is not assignable to type 'ViewStyle | Falsy | RegisteredStyle<ViewStyle> | RecursiveArray<ViewStyle | Falsy | RegisteredStyle<ViewStyle>> | readonly (ViewStyle | ... 1 more ... | RegisteredStyle<...>)[]'.
      Types of property 'width' are incompatible.
        Type 'string | number' is not assignable to type 'DimensionValue | undefined'.
          Type 'string' is not assignable to type 'DimensionValue | undefined'.

[7m19[0m   <View style={[styles.child, { backgroundColor: color, width, height }]}>
[7m  [0m [91m                              ~~~~~~~~~~~~~~~~~~~~~~~~~~~~~~~~~~~~~~~~~[0m


[96mshared/components/flex.tsx[0m:[93m22[0m:[93m7[0m - [91merror[0m[90m TS2741: [0mProperty 'xs' is missing in type '{ s: number; m: number; l: number; xl: number; xxl: number; }' but required in type 'Record<SpacingSize, number>'.

[7m22[0m const STATIC_SPACING: Record<SpacingSize, number> = {
[7m  [0m [91m      ~~~~~~~~~~~~~~[0m

[96mshared/components/moti_skeleton.tsx[0m:[93m36[0m:[93m7[0m - [91merror[0m[90m TS2322: [0mType 'ReactNode' is not assignable to type 'ReactElement<any, string | JSXElementConstructor<any>> | null | undefined'.
  Type 'string' is not assignable to type 'ReactElement<any, string | JSXElementConstructor<any>>'.

[7m36[0m       {children}
[7m  [0m [91m      ~~~~~~~~~~[0m

  [96mnode_modules/moti/build/skeleton/types.d.ts[0m:[93m16[0m:[93m5[0m
    [7m16[0m     children?: React.ReactElement | null;
    [7m  [0m [96m    ~~~~~~~~[0m
    The expected type comes from property 'children' which is declared here on type 'IntrinsicAttributes & Omit<MotiSkeletonProps, "Gradient">'

[96mshared/components/operation_card/base_operation_card.tsx[0m:[93m67[0m:[93m21[0m - [91merror[0m[90m TS2322: [0mType '{ children: Element[]; direction: string; justify: "between"; align: "center"; style: { paddingVertical: number; }; }' is not assignable to type 'IntrinsicAttributes & FlexProps'.
  Property 'direction' does not exist on type 'IntrinsicAttributes & FlexProps'.

[7m67[0m               <Flex direction="row" justify="between" align="center" style={styles.statsRow}>
[7m  [0m [91m                    ~~~~~~~~~[0m

[96mshared/components/operation_card/base_operation_card.tsx[0m:[93m81[0m:[93m21[0m - [91merror[0m[90m TS2322: [0mType '{ children: Element[]; direction: string; justify: "between"; align: "center"; style: { paddingVertical: number; }; }' is not assignable to type 'IntrinsicAttributes & FlexProps'.
  Property 'direction' does not exist on type 'IntrinsicAttributes & FlexProps'.

[7m81[0m               <Flex direction="row" justify="between" align="center" style={styles.statsRow}>
[7m  [0m [91m                    ~~~~~~~~~[0m

[96mshared/components/operation_card/base_operation_card.tsx[0m:[93m112[0m:[93m13[0m - [91merror[0m[90m TS2322: [0mType '{ label: string; size: string; appearance: string; status: string; onPress: (e: GestureResponderEvent) => void; style: { height: number; borderRadius: number; }; labelStyle: { ...; }; }' is not assignable to type 'IntrinsicAttributes & ButtonKitProps'.
  Property 'labelStyle' does not exist on type 'IntrinsicAttributes & ButtonKitProps'.

[7m112[0m             labelStyle={{ fontWeight: '700' }}
[7m   [0m [91m            ~~~~~~~~~~[0m

[96mshared/components/promotion/update.ts[0m:[93m53[0m:[93m10[0m - [91merror[0m[90m TS2349: [0mThis expression is not callable.
  Type 'NonExhaustiveError<{ type: "PARTICIPATE_CLICKED"; payload: Promotion; activeDraws?: DrawType[] | undefined; }>' has no call signatures.

[7m53[0m         .exhaustive();
[7m  [0m [91m         ~~~~~~~~~~[0m

[96mshared/context/auth_context.tsx[0m:[93m37[0m:[93m40[0m - [91merror[0m[90m TS2554: [0mExpected 0 arguments, but got 1.

[7m37[0m   const isAuthenticated = useAuthStore(selectIsAuthenticated);
[7m  [0m [91m                                       ~~~~~~~~~~~~~~~~~~~~~[0m

[96mshared/context/auth_context.tsx[0m:[93m38[0m:[93m34[0m - [91merror[0m[90m TS2554: [0mExpected 0 arguments, but got 1.

[7m38[0m   const isLoading = useAuthStore(selectIsLoading);
[7m  [0m [91m                                 ~~~~~~~~~~~~~~~[0m

[96mshared/context/auth_context.tsx[0m:[93m39[0m:[93m29[0m - [91merror[0m[90m TS2554: [0mExpected 0 arguments, but got 1.

[7m39[0m   const user = useAuthStore(selectCurrentUser);
[7m  [0m [91m                            ~~~~~~~~~~~~~~~~~[0m

[96mshared/context/auth_context.tsx[0m:[93m40[0m:[93m30[0m - [91merror[0m[90m TS2554: [0mExpected 0 arguments, but got 1.

[7m40[0m   const error = useAuthStore(selectAuthError);
[7m  [0m [91m                             ~~~~~~~~~~~~~~~[0m

[96mshared/context/auth_context.tsx[0m:[93m42[0m:[93m33[0m - [91merror[0m[90m TS2554: [0mExpected 0 arguments, but got 1.

[7m42[0m   const dispatch = useAuthStore(selectAuthDispatch);
[7m  [0m [91m                                ~~~~~~~~~~~~~~~~~~[0m

[96mshared/context/auth_context.tsx[0m:[93m48[0m:[93m5[0m - [91merror[0m[90m TS2349: [0mThis expression is not callable.
  Type '{ user: null; status: "idle"; error: null; }' has no call signatures.

[7m48[0m     dispatch({ type: AuthMsgType.LOAD_SAVED_USERNAME_REQUESTED });
[7m  [0m [91m    ~~~~~~~~[0m

[96mshared/context/auth_context.tsx[0m:[93m49[0m:[93m5[0m - [91merror[0m[90m TS2349: [0mThis expression is not callable.
  Type '{ user: null; status: "idle"; error: null; }' has no call signatures.

[7m49[0m     dispatch({ type: AuthMsgType.CHECK_AUTH_STATUS_REQUESTED });
[7m  [0m [91m    ~~~~~~~~[0m

[96mshared/context/auth_context.tsx[0m:[93m57[0m:[93m7[0m - [91merror[0m[90m TS2349: [0mThis expression is not callable.
  Type '{ user: null; status: "idle"; error: null; }' has no call signatures.

[7m57[0m       dispatch({ type: AuthMsgType.LOGIN_REQUESTED, username, pin }),
[7m  [0m [91m      ~~~~~~~~[0m

[96mshared/context/auth_context.tsx[0m:[93m59[0m:[93m7[0m - [91merror[0m[90m TS2349: [0mThis expression is not callable.
  Type '{ user: null; status: "idle"; error: null; }' has no call signatures.

[7m59[0m       dispatch({ type: AuthMsgType.LOGOUT_REQUESTED }),
[7m  [0m [91m      ~~~~~~~~[0m

[96mshared/context/auth_context.tsx[0m:[93m61[0m:[93m7[0m - [91merror[0m[90m TS2349: [0mThis expression is not callable.
  Type '{ user: null; status: "idle"; error: null; }' has no call signatures.

[7m61[0m       dispatch({ type: AuthMsgType.CHECK_AUTH_STATUS_REQUESTED }),
[7m  [0m [91m      ~~~~~~~~[0m

[96mshared/context/auth_context.tsx[0m:[93m63[0m:[93m7[0m - [91merror[0m[90m TS2349: [0mThis expression is not callable.
  Type '{ user: null; status: "idle"; error: null; }' has no call signatures.

[7m63[0m       dispatch({ type: AuthMsgType.LOAD_SAVED_USERNAME_REQUESTED }),
[7m  [0m [91m      ~~~~~~~~[0m

[96mshared/context/auth_context.tsx[0m:[93m69[0m:[93m27[0m - [91merror[0m[90m TS2322: [0mType '{ isAuthenticated: { user: null; status: "idle"; error: null; }; user: { user: null; status: "idle"; error: null; }; login: (username: string, pin: string) => any; logout: () => any; checkLoginStatus: () => any; loadSavedUsername: () => any; error: { user: null; status: "idle"; error: null; }; isLoading: { user: nul...' is not assignable to type 'AuthContextType'.
  Types of property 'isAuthenticated' are incompatible.
    Type '{ user: null; status: "idle"; error: null; }' is not assignable to type 'boolean'.

[7m69[0m     <AuthContext.Provider value={value}>
[7m  [0m [91m                          ~~~~~[0m

  [96mnode_modules/@types/react/index.d.ts[0m:[93m617[0m:[93m9[0m
    [7m617[0m         value: T;
    [7m   [0m [96m        ~~~~~[0m
    The expected type comes from property 'value' which is declared here on type 'IntrinsicAttributes & ProviderProps<AuthContextType | null>'

[96mshared/core/engine/tea_module.tsx[0m:[93m170[0m:[93m9[0m - [91merror[0m[90m TS2322: [0mType '{ model: TModel; dispatch: (msg: TMsg) => void; } | T' is not assignable to type 'T'.
  'T' could be instantiated with an arbitrary type which could be unrelated to '{ model: TModel; dispatch: (msg: TMsg) => void; } | T'.

[7m170[0m         return result;
[7m   [0m [91m        ~~~~~~[0m

[96mshared/core/mediator/global_resolver.ts[0m:[93m16[0m:[93m26[0m - [91merror[0m[90m TS2459: [0mModule '"./factory"' declares 'TeaMediator' locally, but it is not exported.

[7m16[0m import { createMediator, TeaMediator } from './factory';
[7m  [0m [91m                         ~~~~~~~~~~~[0m

  [96mshared/core/mediator/factory.ts[0m:[93m14[0m:[93m5[0m
    [7m14[0m     TeaMediator,
    [7m  [0m [96m    ~~~~~~~~~~~[0m
    'TeaMediator' is declared here.

[96mshared/core/middlewares/logger.middleware.ts[0m:[93m25[0m:[93m11[0m - [91merror[0m[90m TS2322: [0mType 'unknown' is not assignable to type 'string | undefined'.

[7m25[0m           traceId: meta.traceId,
[7m  [0m [91m          ~~~~~~~[0m

  [96mshared/utils/logger.types.ts[0m:[93m13[0m:[93m5[0m
    [7m13[0m     traceId?: string;
    [7m  [0m [96m    ~~~~~~~[0m
    The expected type comes from property 'traceId' which is declared here on type 'Partial<LogContext>'

[96mshared/core/middlewares/logger.middleware.ts[0m:[93m40[0m:[93m11[0m - [91merror[0m[90m TS2322: [0mType 'unknown' is not assignable to type 'string | undefined'.

[7m40[0m           traceId: meta.traceId,
[7m  [0m [91m          ~~~~~~~[0m

  [96mshared/utils/logger.types.ts[0m:[93m13[0m:[93m5[0m
    [7m13[0m     traceId?: string;
    [7m  [0m [96m    ~~~~~~~[0m
    The expected type comes from property 'traceId' which is declared here on type 'Partial<LogContext>'

[96mshared/core/middlewares/logger.middleware.ts[0m:[93m63[0m:[93m11[0m - [91merror[0m[90m TS2322: [0mType 'unknown' is not assignable to type 'string | undefined'.

[7m63[0m           traceId: meta.traceId,
[7m  [0m [91m          ~~~~~~~[0m

  [96mshared/utils/logger.types.ts[0m:[93m13[0m:[93m5[0m
    [7m13[0m     traceId?: string;
    [7m  [0m [96m    ~~~~~~~[0m
    The expected type comes from property 'traceId' which is declared here on type 'Partial<LogContext>'

[96mshared/core/middlewares/logger.middleware.ts[0m:[93m76[0m:[93m11[0m - [91merror[0m[90m TS2322: [0mType 'unknown' is not assignable to type 'string | undefined'.

[7m76[0m           traceId: meta.traceId,
[7m  [0m [91m          ~~~~~~~[0m

  [96mshared/utils/logger.types.ts[0m:[93m13[0m:[93m5[0m
    [7m13[0m     traceId?: string;
    [7m  [0m [96m    ~~~~~~~[0m
    The expected type comes from property 'traceId' which is declared here on type 'Partial<LogContext>'

[96mshared/core/monads/port.ts[0m:[93m3[0m:[93m14[0m - [91merror[0m[90m TS7006: [0mParameter 'name' implicitly has an 'any' type.

[7m3[0m     create: (name, definition) => ({
[7m [0m [91m             ~~~~[0m

[96mshared/core/monads/port.ts[0m:[93m3[0m:[93m20[0m - [91merror[0m[90m TS7006: [0mParameter 'definition' implicitly has an 'any' type.

[7m3[0m     create: (name, definition) => ({
[7m [0m [91m                   ~~~~~~~~~~[0m

[96mshared/core/monads/port.ts[0m:[93m7[0m:[93m20[0m - [91merror[0m[90m TS7006: [0mParameter 'adapter' implicitly has an 'any' type.

[7m7[0m         validate: (adapter) => {
[7m [0m [91m                   ~~~~~~~[0m

[96mshared/core/plugins/plugin.registry.ts[0m:[93m140[0m:[93m9[0m - [91merror[0m[90m TS2741: [0mProperty 'api' is missing in type '{ storage: { getItem: (key: string) => Promise<any>; setItem: (key: string, value: any) => Promise<void>; }; events: PluginEventBus; state: any; hostStore: any; }' but required in type 'PluginContext'.

[7m140[0m         return {
[7m   [0m [91m        ~~~~~~[0m

  [96mshared/core/plugins/plugin.types.ts[0m:[93m34[0m:[93m5[0m
    [7m34[0m     api: {
    [7m  [0m [96m    ~~~[0m
    'api' is declared here.

[96mshared/core/tea-utils/effect_handlers.ts[0m:[93m21[0m:[93m9[0m - [91merror[0m[90m TS2322: [0mType '(payload: HttpPayload) => Promise<unknown>' is not assignable to type 'EffectHandler<any>'.
  Type 'Promise<unknown>' is not assignable to type 'void | Promise<void>'.
    Type 'Promise<unknown>' is not assignable to type 'Promise<void>'.
      Type 'unknown' is not assignable to type 'void'.

[7m21[0m         HTTP: async (payload: HttpPayload) => {
[7m  [0m [91m        ~~~~[0m

[96mshared/core/tea/index.ts[0m:[93m22[0m:[93m15[0m - [91merror[0m[90m TS2305: [0mModule '"./types"' has no exported member 'StoreSandbox'.

[7m22[0m export type { StoreSandbox, EffectHandler, StoreFactory, MsgWithReply } from './types';
[7m  [0m [91m              ~~~~~~~~~~~~[0m

[96mshared/domain/financial.projection.ts[0m:[93m87[0m:[93m15[0m - [91merror[0m[90m TS2304: [0mCannot find name 'today'.

[7m87[0m         date: today,
[7m  [0m [91m              ~~~~~[0m

[96mshared/hooks/use_data_fetch.ts[0m:[93m2[0m:[93m10[0m - [91merror[0m[90m TS2459: [0mModule '"@/shared/services/api_client/api_client"' declares 'ApiClientError' locally, but it is not exported.

[7m2[0m import { ApiClientError } from '@/shared/services/api_client/api_client';
[7m [0m [91m         ~~~~~~~~~~~~~~[0m

  [96mshared/services/api_client/api_client.ts[0m:[93m13[0m:[93m10[0m
    [7m13[0m import { ApiClientError } from './api_client.errors';
    [7m  [0m [96m         ~~~~~~~~~~~~~~[0m
    'ApiClientError' is declared here.

[96mshared/hooks/use_validation_rules.ts[0m:[93m64[0m:[93m63[0m - [91merror[0m[90m TS2339: [0mProperty 'getByBetType' does not exist on type 'IValidationRuleRepository'.

[7m64[0m                 fetchedRules = await ValidationRuleRepository.getByBetType(betTypeId);
[7m  [0m [91m                                                              ~~~~~~~~~~~~[0m

[96mshared/repositories/auth/adapters/auth.api.adapter.test.ts[0m:[93m29[0m:[93m20[0m - [91merror[0m[90m TS18048: [0m'result.error' is possibly 'undefined'.

[7m29[0m             expect(result.error.type).toBe(AuthErrorType.INVALID_CREDENTIALS);
[7m  [0m [91m                   ~~~~~~~~~~~~[0m

[96mshared/repositories/auth/adapters/auth.api.adapter.test.ts[0m:[93m39[0m:[93m20[0m - [91merror[0m[90m TS18048: [0m'result.data' is possibly 'undefined'.

[7m39[0m             expect(result.data.user.username).toBe('jose');
[7m  [0m [91m                   ~~~~~~~~~~~[0m

[96mshared/repositories/auth/adapters/auth.api.adapter.test.ts[0m:[93m40[0m:[93m20[0m - [91merror[0m[90m TS18048: [0m'result.data' is possibly 'undefined'.

[7m40[0m             expect(result.data.accessToken).toBeDefined();
[7m  [0m [91m                   ~~~~~~~~~~~[0m

[96mshared/repositories/auth/api/api.ts[0m:[93m23[0m:[93m12[0m - [91merror[0m[90m TS2352: [0mConversion of type '{ access: string; user: { id: string | number; username: string; name: string; } & { role?: string | null | undefined; email?: string | null | undefined; active?: boolean | undefined; password?: string | undefined; needs_pin_change?: boolean | undefined; structure?: { ...; } | ... 1 more ... | undefined; }; } & { .....' to type 'BackendLoginResponse' may be a mistake because neither type sufficiently overlaps with the other. If this was intentional, convert the expression to 'unknown' first.
  Type '{ access: string; user: { id: string | number; username: string; name: string; } & { role?: string | null | undefined; email?: string | null | undefined; active?: boolean | undefined; password?: string | undefined; needs_pin_change?: boolean | undefined; structure?: { ...; } | ... 1 more ... | undefined; }; } & { .....' is missing the following properties from type 'BackendLoginResponse': accessToken, isOffline

[7m23[0m     return validatedResponse as BackendLoginResponse;
[7m  [0m [91m           ~~~~~~~~~~~~~~~~~~~~~~~~~~~~~~~~~~~~~~~~~[0m

[96mshared/repositories/auth/api/api.ts[0m:[93m44[0m:[93m12[0m - [91merror[0m[90m TS2352: [0mConversion of type '{ access: string; user: { id: string | number; username: string; name: string; } & { role?: string | null | undefined; email?: string | null | undefined; active?: boolean | undefined; password?: string | undefined; needs_pin_change?: boolean | undefined; structure?: { ...; } | ... 1 more ... | undefined; }; } & { .....' to type 'BackendLoginResponse' may be a mistake because neither type sufficiently overlaps with the other. If this was intentional, convert the expression to 'unknown' first.
  Type '{ access: string; user: { id: string | number; username: string; name: string; } & { role?: string | null | undefined; email?: string | null | undefined; active?: boolean | undefined; password?: string | undefined; needs_pin_change?: boolean | undefined; structure?: { ...; } | ... 1 more ... | undefined; }; } & { .....' is missing the following properties from type 'BackendLoginResponse': accessToken, isOffline

[7m44[0m     return validatedResponse as BackendLoginResponse;
[7m  [0m [91m           ~~~~~~~~~~~~~~~~~~~~~~~~~~~~~~~~~~~~~~~~~[0m

[96mshared/repositories/auth/auth.error-mapper.ts[0m:[93m264[0m:[93m30[0m - [91merror[0m[90m TS2339: [0mProperty 'EMAIL_TAKEN' does not exist on type 'typeof AuthErrorType'.

[7m264[0m         return AuthErrorType.EMAIL_TAKEN;
[7m   [0m [91m                             ~~~~~~~~~~~[0m

[96mshared/repositories/auth/auth.error-mapper.ts[0m:[93m268[0m:[93m30[0m - [91merror[0m[90m TS2339: [0mProperty 'ENDPOINT_DEPRECATED' does not exist on type 'typeof AuthErrorType'.

[7m268[0m         return AuthErrorType.ENDPOINT_DEPRECATED;
[7m   [0m [91m                             ~~~~~~~~~~~~~~~~~~~[0m

[96mshared/repositories/auth/index.ts[0m:[93m445[0m:[93m29[0m - [91merror[0m[90m TS2345: [0mArgument of type 'string | undefined' is not assignable to parameter of type 'string'.
  Type 'undefined' is not assignable to type 'string'.

[7m445[0m                             error.message,
[7m   [0m [91m                            ~~~~~~~~~~~~~[0m

[96mshared/repositories/bet/adapters/bet.api.adapter.ts[0m:[93m72[0m:[93m72[0m - [91merror[0m[90m TS2304: [0mCannot find name 'CreateBetResponse'.

[7m72[0m     async create(bet: BetDomainModel, idempotencyKey: string): Promise<CreateBetResponse> {
[7m  [0m [91m                                                                       ~~~~~~~~~~~~~~~~~[0m

[96mshared/repositories/bet/bet.repository.ts[0m:[93m137[0m:[93m66[0m - [91merror[0m[90m TS2345: [0mArgument of type '{ success: number; failed: number; }' is not assignable to parameter of type '{ success: number; failed: number; successBets: string[]; failedBets: { receiptCode: string; error: string; }[]; structureTotalCollected?: number | undefined; structureId?: number | undefined; } | PromiseLike<...>'.
  Type '{ success: number; failed: number; }' is missing the following properties from type '{ success: number; failed: number; successBets: string[]; failedBets: { receiptCode: string; error: string; }[]; structureTotalCollected?: number | undefined; structureId?: number | undefined; }': successBets, failedBets

[7m137[0m                     resolve: (result) => result.isOk() ? resolve(result.value) : reject(result.error)
[7m   [0m [91m                                                                 ~~~~~~~~~~~~[0m

[96mshared/repositories/bet/flows/get-bets.flow.ts[0m:[93m159[0m:[93m46[0m - [91merror[0m[90m TS2367: [0mThis comparison appears to be unintentional because the types '"id" | "amount"' and '"timestamp"' have no overlap.

[7m159[0m                 if (field === 'createdAt' || field === 'timestamp') {
[7m   [0m [91m                                             ~~~~~~~~~~~~~~~~~~~~~[0m

[96mshared/repositories/bet/flows/get-bets.flow.ts[0m:[93m344[0m:[93m30[0m - [91merror[0m[90m TS2339: [0mProperty 'message' does not exist on type '{}'.

[7m344[0m         const isTimeout = e?.message?.includes('timeout');
[7m   [0m [91m                             ~~~~~~~[0m

[96mshared/repositories/bet/flows/get-bets.flow.ts[0m:[93m345[0m:[93m77[0m - [91merror[0m[90m TS2339: [0mProperty 'message' does not exist on type '{}'.

[7m345[0m         log[isTimeout ? 'info' : 'warn']('Online fetch failed', { error: e?.message });
[7m   [0m [91m                                                                            ~~~~~~~[0m

[96mshared/repositories/bet/flows/get-bets.flow.ts[0m:[93m366[0m:[93m52[0m - [91merror[0m[90m TS2339: [0mProperty 'message' does not exist on type '{}'.

[7m366[0m         log.warn('Types fetch failed', { error: e?.message });
[7m   [0m [91m                                                   ~~~~~~~[0m

[96mshared/repositories/bet/sync/bet.sync.listener.ts[0m:[93m124[0m:[93m21[0m - [91merror[0m[90m TS2353: [0mObject literal may only specify known properties, and 'backendId' does not exist in type 'Partial<BetDomainModel>'.

[7m124[0m                     backendId,
[7m   [0m [91m                    ~~~~~~~~~[0m

[96mshared/repositories/bet/winnings.repository.ts[0m:[93m149[0m:[93m15[0m - [91merror[0m[90m TS2484: [0mExport declaration conflicts with exported declaration of 'SyncStrategy'.

[7m149[0m export type { SyncStrategy };
[7m   [0m [91m              ~~~~~~~~~~~~[0m

[96mshared/repositories/dlq/dlq.repository.ts[0m:[93m68[0m:[93m53[0m - [91merror[0m[90m TS2345: [0mArgument of type '"reported"' is not assignable to parameter of type 'DlqItemStatus'.

[7m68[0m                 await this.storage.updateStatus(id, 'reported');
[7m  [0m [91m                                                    ~~~~~~~~~~[0m

[96mshared/repositories/dlq/dlq.repository.ts[0m:[93m177[0m:[93m13[0m - [91merror[0m[90m TS2367: [0mThis comparison appears to be unintentional because the types 'DlqItemStatus' and '"reported"' have no overlap.

[7m177[0m         if (item.status === 'reported') {
[7m   [0m [91m            ~~~~~~~~~~~~~~~~~~~~~~~~~~[0m

[96mshared/repositories/dlq/dlq.repository.ts[0m:[93m183[0m:[93m45[0m - [91merror[0m[90m TS2345: [0mArgument of type '"reported"' is not assignable to parameter of type 'DlqItemStatus'.

[7m183[0m         await this.storage.updateStatus(id, 'reported');
[7m   [0m [91m                                            ~~~~~~~~~~[0m

[96mshared/repositories/dlq/sync/dlq.push.strategy.ts[0m:[93m19[0m:[93m22[0m - [91merror[0m[90m TS2315: [0mType 'SyncQueueItem' is not generic.

[7m19[0m     async push(item: SyncQueueItem<DlqItem>): Promise<SyncOutcome> {
[7m  [0m [91m                     ~~~~~~~~~~~~~~~~~~~~~~[0m

[96mshared/repositories/dlq/sync/dlq.push.strategy.ts[0m:[93m40[0m:[93m28[0m - [91merror[0m[90m TS2315: [0mType 'SyncQueueItem' is not generic.

[7m40[0m     async pushBatch(items: SyncQueueItem<DlqItem>[]): Promise<SyncOutcome[]> {
[7m  [0m [91m                           ~~~~~~~~~~~~~~~~~~~~~~[0m

[96mshared/repositories/draw/adapters/draw.api.adapter.ts[0m:[93m16[0m:[93m14[0m - [91merror[0m[90m TS2420: [0mClass 'DrawApiAdapter' incorrectly implements interface 'IDrawRepository'.
  Type 'DrawApiAdapter' is missing the following properties from type 'IDrawRepository': getWinningRecord, enrichDrawsWithFinancialData, filterDraws

[7m16[0m export class DrawApiAdapter implements IDrawRepository {
[7m  [0m [91m             ~~~~~~~~~~~~~~[0m

[96mshared/repositories/draw/adapters/draw.offline.adapter.ts[0m:[93m108[0m:[93m86[0m - [91merror[0m[90m TS18046: [0m'keysError' is of type 'unknown'.

[7m108[0m                 log.warn('[getAll] No se pudieron obtener claves de lista', { error: keysError.message });
[7m   [0m [91m                                                                                     ~~~~~~~~~[0m

[96mshared/repositories/draw/api/api.ts[0m:[93m30[0m:[93m5[0m - [91merror[0m[90m TS2322: [0mType '{ id: number; draw_type: number; draw_type_details: { id: number; name: string; description: string | null; code: string; }; total_collected: string | number; premiums_paid: string | number; ... 9 more ...; description: string | null; } & { ...; }' is not assignable to type 'BackendDraw'.
  Types of property 'betting_start_time' are incompatible.
    Type 'string | null | undefined' is not assignable to type 'string | null'.
      Type 'undefined' is not assignable to type 'string | null'.

[7m30[0m     return decodeOrFallback(BackendDrawCodec, response, `getOne(${id})`);
[7m  [0m [91m    ~~~~~~[0m

[96mshared/repositories/draw/api/api.ts[0m:[93m50[0m:[93m5[0m - [91merror[0m[90m TS2322: [0mType '({ id: number; draw_type: number; draw_type_details: { id: number; name: string; description: string | null; code: string; }; total_collected: string | number; premiums_paid: string | number; ... 9 more ...; description: string | null; } & { ...; })[]' is not assignable to type 'BackendDraw[]'.
  Type '{ id: number; draw_type: number; draw_type_details: { id: number; name: string; description: string | null; code: string; }; total_collected: string | number; premiums_paid: string | number; ... 9 more ...; description: string | null; } & { ...; }' is not assignable to type 'BackendDraw'.
    Types of property 'betting_start_time' are incompatible.
      Type 'string | null | undefined' is not assignable to type 'string | null'.
        Type 'undefined' is not assignable to type 'string | null'.

[7m50[0m     return decodeOrFallback(BackendDrawArrayCodec, data, 'list');
[7m  [0m [91m    ~~~~~~[0m

[96mshared/repositories/draw/draw.repository.ts[0m:[93m95[0m:[93m17[0m - [91merror[0m[90m TS2322: [0mType 'Ok<Promise<ExtendedDrawType[]>, Error>' is not assignable to type 'Result<ExtendedDrawType[], Error>'.
  Type 'Ok<Promise<ExtendedDrawType[]>, Error>' is not assignable to type 'Ok<ExtendedDrawType[], Error>'.
    Type 'Promise<ExtendedDrawType[]>' is missing the following properties from type 'ExtendedDrawType[]': length, pop, push, concat, and 35 more.

[7m95[0m                 return ok(this.mapDrawsToFrontend(cached, structureId, commissionRate));
[7m  [0m [91m                ~~~~~~[0m

[96mshared/repositories/draw/draw.repository.ts[0m:[93m124[0m:[93m13[0m - [91merror[0m[90m TS2322: [0mType 'Ok<Promise<ExtendedDrawType[]>, Error>' is not assignable to type 'Result<ExtendedDrawType[], Error>'.
  Type 'Ok<Promise<ExtendedDrawType[]>, Error>' is not assignable to type 'Ok<ExtendedDrawType[], Error>'.
    Type 'Promise<ExtendedDrawType[]>' is missing the following properties from type 'ExtendedDrawType[]': length, pop, push, concat, and 35 more.

[7m124[0m             return ok(this.mapDrawsToFrontend(cachedFallback, structureId, commissionRate));
[7m   [0m [91m            ~~~~~~[0m

[96mshared/repositories/incident/adapters/incident.api.adapter.ts[0m:[93m1[0m:[93m31[0m - [91merror[0m[90m TS2459: [0mModule '"../incident.ports"' declares 'Incident' locally, but it is not exported.

[7m1[0m import { IIncidentRepository, Incident, CreateIncidentData } from '../incident.ports';
[7m [0m [91m                              ~~~~~~~~[0m

  [96mshared/repositories/incident/incident.ports.ts[0m:[93m1[0m:[93m10[0m
    [7m1[0m import { Incident, IncidentCreateData } from './api/types/types';
    [7m [0m [96m         ~~~~~~~~[0m
    'Incident' is declared here.

[96mshared/repositories/incident/api/api.ts[0m:[93m1[0m:[93m8[0m - [91merror[0m[90m TS1192: [0mModule '"/Users/davidmartinez/develop/Active-projects/game_reset/frontend/shared/services/api_client/api_client"' has no default export.

[7m1[0m import apiClient from '@/shared/services/api_client/api_client';
[7m [0m [91m       ~~~~~~~~~[0m

[96mshared/repositories/notification/adapters/notification.api.adapter.ts[0m:[93m14[0m:[93m14[0m - [91merror[0m[90m TS2420: [0mClass 'NotificationApiAdapter' incorrectly implements interface 'INotificationRepository'.
  Property 'forceSyncFromBackend' is missing in type 'NotificationApiAdapter' but required in type 'INotificationRepository'.

[7m14[0m export class NotificationApiAdapter implements INotificationRepository {
[7m  [0m [91m             ~~~~~~~~~~~~~~~~~~~~~~[0m

  [96mshared/repositories/notification/notification.ports.ts[0m:[93m23[0m:[93m5[0m
    [7m23[0m     forceSyncFromBackend(): Promise<Notification[]>;
    [7m  [0m [96m    ~~~~~~~~~~~~~~~~~~~~~~~~~~~~~~~~~~~~~~~~~~~~~~~~[0m
    'forceSyncFromBackend' is declared here.

[96mshared/repositories/notification/adapters/notification.offline.adapter.ts[0m:[93m139[0m:[93m9[0m - [91merror[0m[90m TS2322: [0mType 'string | null' is not assignable to type 'string'.
  Type 'null' is not assignable to type 'string'.

[7m139[0m         return await SyncAdapter.addToQueue({
[7m   [0m [91m        ~~~~~~[0m

[96mshared/repositories/reward/adapters/reward.api.adapter.ts[0m:[93m20[0m:[93m23[0m - [91merror[0m[90m TS2774: [0mThis condition will always return true since this function is always defined. Did you mean to call it instead?

[7m20[0m           hasRequest: apiClient?.request ? true : false,
[7m  [0m [91m                      ~~~~~~~~~~~~~~~~~~[0m

[96mshared/repositories/reward/reward.repository.ts[0m:[93m31[0m:[93m5[0m - [91merror[0m[90m TS2322: [0mType 'Ok<BetTypeWithRewardsResponse, Error> | Err<BetTypeWithRewardsResponse, unknown>' is not assignable to type 'Result<BetTypeWithRewardsResponse, Error>'.
  Type 'Err<BetTypeWithRewardsResponse, unknown>' is not assignable to type 'Result<BetTypeWithRewardsResponse, Error>'.
    Type 'Err<BetTypeWithRewardsResponse, unknown>' is not assignable to type 'Err<BetTypeWithRewardsResponse, Error>'.
      Type 'unknown' is not assignable to type 'Error'.

[7m31[0m     return ResultAsync.fromPromise(isServerReachable(), e => e as Error)
[7m  [0m [91m    ~~~~~~[0m

[96mshared/repositories/reward/reward.repository.ts[0m:[93m32[0m:[93m16[0m - [91merror[0m[90m TS2769: [0mNo overload matches this call.
  Overload 1 of 3, '(f: (t: boolean) => Result<unknown, unknown>): ResultAsync<unknown, unknown>', gave the following error.
    Argument of type '(isOnline: boolean) => Err<BetTypeWithRewardsResponse, Error> | Promise<Result<BetTypeWithRewardsResponse, Error>>' is not assignable to parameter of type '(t: boolean) => Result<unknown, unknown>'.
      Type 'Err<BetTypeWithRewardsResponse, Error> | Promise<Result<BetTypeWithRewardsResponse, Error>>' is not assignable to type 'Result<unknown, unknown>'.
        Type 'Promise<Result<BetTypeWithRewardsResponse, Error>>' is not assignable to type 'Result<unknown, unknown>'.
  Overload 2 of 3, '(f: (t: boolean) => ResultAsync<unknown, unknown>): ResultAsync<unknown, unknown>', gave the following error.
    Argument of type '(isOnline: boolean) => Err<BetTypeWithRewardsResponse, Error> | Promise<Result<BetTypeWithRewardsResponse, Error>>' is not assignable to parameter of type '(t: boolean) => ResultAsync<unknown, unknown>'.
      Type 'Err<BetTypeWithRewardsResponse, Error> | Promise<Result<BetTypeWithRewardsResponse, Error>>' is not assignable to type 'ResultAsync<unknown, unknown>'.
        Type 'Err<BetTypeWithRewardsResponse, Error>' is missing the following properties from type 'ResultAsync<unknown, unknown>': _promise, then, [Symbol.asyncIterator]
  Overload 3 of 3, '(f: (t: boolean) => Result<BetTypeWithRewardsResponse, Error> | ResultAsync<BetTypeWithRewardsResponse, Error>): ResultAsync<...>', gave the following error.
    Argument of type '(isOnline: boolean) => Err<BetTypeWithRewardsResponse, Error> | Promise<Result<BetTypeWithRewardsResponse, Error>>' is not assignable to parameter of type '(t: boolean) => Result<BetTypeWithRewardsResponse, Error> | ResultAsync<BetTypeWithRewardsResponse, Error>'.
      Type 'Err<BetTypeWithRewardsResponse, Error> | Promise<Result<BetTypeWithRewardsResponse, Error>>' is not assignable to type 'Result<BetTypeWithRewardsResponse, Error> | ResultAsync<BetTypeWithRewardsResponse, Error>'.
        Type 'Promise<Result<BetTypeWithRewardsResponse, Error>>' is not assignable to type 'Result<BetTypeWithRewardsResponse, Error> | ResultAsync<BetTypeWithRewardsResponse, Error>'.
          Type 'Promise<Result<BetTypeWithRewardsResponse, Error>>' is missing the following properties from type 'ResultAsync<BetTypeWithRewardsResponse, Error>': _promise, map, andThrough, andTee, and 8 more.

[7m32[0m       .andThen(isOnline => {
[7m  [0m [91m               ~~~~~~~~~~~~~[0m


[96mshared/repositories/reward/reward.repository.ts[0m:[93m42[0m:[93m53[0m - [91merror[0m[90m TS2345: [0mArgument of type 'unknown' is not assignable to parameter of type 'BetTypeWithRewardsResponse'.

[7m42[0m         this.offlineAdapter.saveBetTypesWithRewards(data, structureId)
[7m  [0m [91m                                                    ~~~~[0m

[96mshared/repositories/reward/reward.repository.ts[0m:[93m49[0m:[93m54[0m - [91merror[0m[90m TS2345: [0mArgument of type 'unknown' is not assignable to parameter of type 'BetTypeWithRewardsResponse'.

[7m49[0m         return ok<BetTypeWithRewardsResponse, Error>(data);
[7m  [0m [91m                                                     ~~~~[0m

[96mshared/repositories/reward/reward.repository.ts[0m:[93m56[0m:[93m20[0m - [91merror[0m[90m TS18046: [0m'error' is of type 'unknown'.

[7m56[0m             error: error.message
[7m  [0m [91m                   ~~~~~[0m

[96mshared/repositories/slots/index.ts[0m:[93m2[0m:[93m10[0m - [91merror[0m[90m TS2459: [0mModule '"../../core/tea-utils/remote.data.http"' declares 'WebData' locally, but it is not exported.

[7m2[0m import { WebData } from '../../core/tea-utils/remote.data.http';
[7m [0m [91m         ~~~~~~~[0m

  [96mshared/core/tea-utils/remote.data.http.ts[0m:[93m2[0m:[93m22[0m
    [7m2[0m import { RemoteData, WebData } from './remote.data';
    [7m [0m [96m                     ~~~~~~~[0m
    'WebData' is declared here.

[96mshared/repositories/slots/index.ts[0m:[93m16[0m:[93m18[0m - [91merror[0m[90m TS2558: [0mExpected 0 type arguments, but got 1.

[7m16[0m         Cmd.http<SlotMachine[]>(
[7m  [0m [91m                 ~~~~~~~~~~~~~[0m

[96mshared/repositories/slots/index.ts[0m:[93m30[0m:[93m18[0m - [91merror[0m[90m TS2558: [0mExpected 0 type arguments, but got 1.

[7m30[0m         Cmd.http<SlotMachine>(
[7m  [0m [91m                 ~~~~~~~~~~~[0m

[96mshared/repositories/slots/index.ts[0m:[93m44[0m:[93m18[0m - [91merror[0m[90m TS2558: [0mExpected 0 type arguments, but got 1.

[7m44[0m         Cmd.http<SlotSpinResult>(
[7m  [0m [91m                 ~~~~~~~~~~~~~~[0m

[96mshared/repositories/winning/api/api.ts[0m:[93m1[0m:[93m8[0m - [91merror[0m[90m TS1192: [0mModule '"/Users/davidmartinez/develop/Active-projects/game_reset/frontend/shared/services/api_client/api_client"' has no default export.

[7m1[0m import apiClient from '@/shared/services/api_client/api_client';
[7m [0m [91m       ~~~~~~~~~[0m

[96mshared/services/draw/api.ts[0m:[93m1[0m:[93m10[0m - [91merror[0m[90m TS2724: [0m'"@/shared/services/api_client/api_client"' has no exported member named 'apiClient'. Did you mean 'ApiClient'?

[7m1[0m import { apiClient } from '@/shared/services/api_client/api_client';
[7m [0m [91m         ~~~~~~~~~[0m

  [96mshared/services/api_client/api_client.ts[0m:[93m34[0m:[93m14[0m
    [7m34[0m export class ApiClient {
    [7m  [0m [96m             ~~~~~~~~~[0m
    'ApiClient' is declared here.

[96mshared/services/draw/api.ts[0m:[93m29[0m:[93m5[0m - [91merror[0m[90m TS2322: [0mType '{ id: number; draw_type: number; draw_type_details: { id: number; name: string; description: string | null; code: string; }; total_collected: string | number; premiums_paid: string | number; ... 8 more ...; is_betting_open: boolean; } & { ...; }' is not assignable to type 'BackendDraw'.
  Types of property 'description' are incompatible.
    Type 'string | null | undefined' is not assignable to type 'string | null'.
      Type 'undefined' is not assignable to type 'string | null'.

[7m29[0m     return decodeOrFallback(BackendDrawCodec, response, `getOne(${id})`);
[7m  [0m [91m    ~~~~~~[0m

[96mshared/services/draw/api.ts[0m:[93m51[0m:[93m5[0m - [91merror[0m[90m TS2322: [0mType '({ id: number; draw_type: number; draw_type_details: { id: number; name: string; description: string | null; code: string; }; total_collected: string | number; premiums_paid: string | number; ... 8 more ...; is_betting_open: boolean; } & { ...; })[]' is not assignable to type 'BackendDraw[]'.
  Type '{ id: number; draw_type: number; draw_type_details: { id: number; name: string; description: string | null; code: string; }; total_collected: string | number; premiums_paid: string | number; ... 8 more ...; is_betting_open: boolean; } & { ...; }' is not assignable to type 'BackendDraw'.
    Types of property 'description' are incompatible.
      Type 'string | null | undefined' is not assignable to type 'string | null'.
        Type 'undefined' is not assignable to type 'string | null'.

[7m51[0m     return decodeOrFallback(BackendDrawArrayCodec, data, 'list');
[7m  [0m [91m    ~~~~~~[0m

[96mshared/services/rules.ts[0m:[93m3[0m:[93m10[0m - [91merror[0m[90m TS2459: [0mModule '"./api_client/api_client"' declares 'ApiClientError' locally, but it is not exported.

[7m3[0m import { ApiClientError } from './api_client/api_client';
[7m [0m [91m         ~~~~~~~~~~~~~~[0m

  [96mshared/services/api_client/api_client.ts[0m:[93m13[0m:[93m10[0m
    [7m13[0m import { ApiClientError } from './api_client.errors';
    [7m  [0m [96m         ~~~~~~~~~~~~~~[0m
    'ApiClientError' is declared here.

[96mshared/services/rules.ts[0m:[93m125[0m:[93m47[0m - [91merror[0m[90m TS18046: [0m'error' is of type 'unknown'.

[7m125[0m       if (error instanceof ApiClientError && (error.status === 401 || error.status === 403)) {
[7m   [0m [91m                                              ~~~~~[0m

[96mshared/services/rules.ts[0m:[93m125[0m:[93m71[0m - [91merror[0m[90m TS18046: [0m'error' is of type 'unknown'.

[7m125[0m       if (error instanceof ApiClientError && (error.status === 401 || error.status === 403)) {
[7m   [0m [91m                                                                      ~~~~~[0m

[96mshared/services/structure/api.ts[0m:[93m25[0m:[93m9[0m - [91merror[0m[90m TS2322: [0mType '{ listero_name: string; draws: ({ draw_id: number; draw_name: string; status: string; opening_time: string; closing_time: string; total_collected: number; total_paid: number; net_result: number; commissions: number; } & { ...; })[]; }' is not assignable to type 'BackendListeroDetails'.
  Types of property 'draws' are incompatible.
    Type '({ draw_id: number; draw_name: string; status: string; opening_time: string; closing_time: string; total_collected: number; total_paid: number; net_result: number; commissions: number; } & { ...; })[]' is not assignable to type 'BackendListeroDrawDetail[]'.
      Type '{ draw_id: number; draw_name: string; status: string; opening_time: string; closing_time: string; total_collected: number; total_paid: number; net_result: number; commissions: number; } & { ...; }' is not assignable to type 'BackendListeroDrawDetail'.
        Types of property 'winning_number' are incompatible.
          Type 'string | null | undefined' is not assignable to type 'string | null'.
            Type 'undefined' is not assignable to type 'string | null'.

[7m25[0m         return decodeOrFallback(ListeroDetailsCodec, response, 'getListeroDetails');
[7m  [0m [91m        ~~~~~~[0m

[96mshared/services/winning/api.ts[0m:[93m1[0m:[93m8[0m - [91merror[0m[90m TS1192: [0mModule '"/Users/davidmartinez/develop/Active-projects/game_reset/frontend/shared/services/api_client/api_client"' has no default export.

[7m1[0m import apiClient from '../api_client/api_client';
[7m [0m [91m       ~~~~~~~~~[0m

[96mshared/utils/client_metadata.ts[0m:[93m18[0m:[93m5[0m - [91merror[0m[90m TS2322: [0mType 'string | PlatformManifest' is not assignable to type 'string'.
  Type 'PlatformManifest' is not assignable to type 'string'.

[7m18[0m     platform: Constants.platform || 'unknown',
[7m  [0m [91m    ~~~~~~~~[0m

  [96mshared/utils/client_metadata.ts[0m:[93m7[0m:[93m3[0m
    [7m7[0m   platform: string;
    [7m [0m [96m  ~~~~~~~~[0m
    The expected type comes from property 'platform' which is declared here on type 'ClientMetadata'

[96mshared/utils/client_metadata.ts[0m:[93m19[0m:[93m5[0m - [91merror[0m[90m TS2322: [0mType 'string | number' is not assignable to type 'string'.
  Type 'number' is not assignable to type 'string'.

[7m19[0m     systemVersion: Constants.systemVersion || 'unknown',
[7m  [0m [91m    ~~~~~~~~~~~~~[0m

  [96mshared/utils/client_metadata.ts[0m:[93m8[0m:[93m3[0m
    [7m8[0m   systemVersion: string;
    [7m [0m [96m  ~~~~~~~~~~~~~[0m
    The expected type comes from property 'systemVersion' which is declared here on type 'ClientMetadata'

[96mshared/utils/validation.ts[0m:[93m105[0m:[93m19[0m - [91merror[0m[90m TS2339: [0mProperty 'is_active' does not exist on type 'ValidationRule'.

[7m105[0m         if (!rule.is_active) continue;
[7m   [0m [91m                  ~~~~~~~~~[0m

[96mshared/utils/validation.ts[0m:[93m107[0m:[93m28[0m - [91merror[0m[90m TS2339: [0mProperty 'json_logic' does not exist on type 'ValidationRule'.

[7m107[0m         const logic = rule.json_logic;
[7m   [0m [91m                           ~~~~~~~~~~[0m


Found 251 errors in 111 files.

Errors  Files
     1  app/(admin)/index.tsx[90m:65[0m
     1  app/(admin)/settings.tsx[90m:13[0m
     1  app/error.tsx[90m:21[0m
     1  components/ui/button.tsx[90m:129[0m
     2  components/ui/device_simulator.tsx[90m:153[0m
     2  core/bootstrap.ts[90m:49[0m
     1  core/core_module/index.ts[90m:22[0m
    11  data/mock_data.ts[90m:11[0m
     1  features/app-update/core/store.ts[90m:283[0m
     1  features/auth/store/store.ts[90m:21[0m
     2  features/auth/store/types/messages.types.ts[90m:1[0m
     6  features/banker/common/agency_card.tsx[90m:104[0m
     1  features/banker/common/grid_stat_card.tsx[90m:22[0m
     1  features/banker/dashboard/core/cmds.ts[90m:22[0m
     3  features/banker/dashboard/presentation/components/dashboard_operations.tsx[90m:28[0m
     2  features/banker/drawers/list.tsx[90m:121[0m
     1  features/banker/drawers/winning_number_modal.tsx[90m:140[0m
     1  features/banker/report/components/report_item.tsx[90m:121[0m
     1  features/banker/report/hooks/use_reports_form.ts[90m:7[0m
     2  features/colector/dashboard/components/dashboard_operations.tsx[90m:57[0m
     2  features/colector/dashboard/core/update.ts[90m:12[0m
     1  features/colector/drawers/views/date_navigation.tsx[90m:49[0m
     1  features/colector/drawers/views/draw_item.tsx[90m:152[0m
     2  features/colector/index.tsx[90m:14[0m
     1  features/colector/reports/components/report_item.tsx[90m:121[0m
     1  features/colector/reports/core/cmds.ts[90m:9[0m
     1  features/colector/settings/hooks/hook.settings.ts[90m:43[0m
     1  features/listero/bet-bolita/application/bolita.flows.ts[90m:295[0m
     4  features/listero/bet-bolita/application/sub_updates/centena.update.ts[90m:67[0m
     3  features/listero/bet-bolita/application/sub_updates/parlet.update.ts[90m:232[0m
     1  features/listero/bet-bolita/presentation/context/BolitaListContext.tsx[90m:78[0m
     1  features/listero/bet-bolita/presentation/utils/list_grouping.ts[90m:26[0m
     1  features/listero/bet-loteria/core/domain/session.logic.ts[90m:64[0m
     1  features/listero/bet-loteria/core/feature.domain.ts[90m:59[0m
     5  features/listero/bet-loteria/core/feature.orchestration.test.ts[90m:26[0m
     1  features/listero/bet-loteria/core/feature.types.ts[90m:60[0m
     3  features/listero/bet-loteria/core/feature.update.ts[90m:51[0m
     2  features/listero/bet-loteria/loteria.feature.ts[90m:4[0m
     3  features/listero/bet-loteria/loteria/loteria.registry.ts[90m:12[0m
     1  features/listero/bet-loteria/presentation/context/LoteriaListContext.tsx[90m:68[0m
     6  features/listero/bet-loteria/use_loteria.ts[90m:50[0m
     1  features/listero/bet-loteria/use_loteria_selectors.ts[90m:29[0m
     1  features/listero/bet-workspace/core/store.ts[90m:74[0m
     1  features/listero/bet-workspace/core/update.ts[90m:49[0m
     2  features/listero/bet-workspace/list/core/update.ts[90m:55[0m
     1  features/listero/bet-workspace/management/core/update.ts[90m:61[0m
     2  features/listero/bet-workspace/rewards/core/update.ts[90m:48[0m
     1  features/listero/listero-dashboard/core/commands.ts[90m:88[0m
     1  features/listero/listero-dashboard/core/handlers/data.handler.ts[90m:183[0m
     1  features/listero/listero-dashboard/core/update.ts[90m:144[0m
     1  features/listero/listero-dashboard/plugins/draws_list_plugin/store.ts[90m:25[0m
     8  features/listero/listero-dashboard/plugins/draws_list_plugin/view.tsx[90m:92[0m
     1  features/listero/listero-dashboard/profile/components/incident_list.tsx[90m:264[0m
     2  features/listero/listero-dashboard/screens/dashboard_screen.tsx[90m:29[0m
     5  features/listero/reward/core/selectors.ts[90m:6[0m
     8  features/listero/reward/core/service.ts[90m:12[0m
     4  features/listero/reward/core/update.ts[90m:10[0m
     3  features/listero/reward/screen/parts/PrizesEmpty.tsx[90m:8[0m
     2  features/listero/reward/screen/parts/PrizesLoading.tsx[90m:7[0m
     2  features/listero/reward/screen/PrizesScreen.tsx[90m:47[0m
     1  features/listero/winning/core/selectors.ts[90m:107[0m
     4  features/listero/winning/core/update.ts[90m:266[0m
     2  features/listero/winning/screen/components/ViewTabs.tsx[90m:24[0m
    12  features/listero/winning/screen/components/WinnerCard.tsx[90m:31[0m
    10  shared/auth/v1/update.ts[90m:76[0m
     3  shared/components/bets/centenas_column.tsx[90m:6[0m
     1  shared/components/example/flex_examples.tsx[90m:19[0m
     1  shared/components/flex.tsx[90m:22[0m
     1  shared/components/moti_skeleton.tsx[90m:36[0m
     3  shared/components/operation_card/base_operation_card.tsx[90m:67[0m
     1  shared/components/promotion/update.ts[90m:53[0m
    12  shared/context/auth_context.tsx[90m:37[0m
     1  shared/core/engine/tea_module.tsx[90m:170[0m
     1  shared/core/mediator/global_resolver.ts[90m:16[0m
     4  shared/core/middlewares/logger.middleware.ts[90m:25[0m
     3  shared/core/monads/port.ts[90m:3[0m
     1  shared/core/plugins/plugin.registry.ts[90m:140[0m
     1  shared/core/tea-utils/effect_handlers.ts[90m:21[0m
     1  shared/core/tea/index.ts[90m:22[0m
     1  shared/domain/financial.projection.ts[90m:87[0m
     1  shared/hooks/use_data_fetch.ts[90m:2[0m
     1  shared/hooks/use_validation_rules.ts[90m:64[0m
     3  shared/repositories/auth/adapters/auth.api.adapter.test.ts[90m:29[0m
     2  shared/repositories/auth/api/api.ts[90m:23[0m
     2  shared/repositories/auth/auth.error-mapper.ts[90m:264[0m
     1  shared/repositories/auth/index.ts[90m:445[0m
     1  shared/repositories/bet/adapters/bet.api.adapter.ts[90m:72[0m
     1  shared/repositories/bet/bet.repository.ts[90m:137[0m
     4  shared/repositories/bet/flows/get-bets.flow.ts[90m:159[0m
     1  shared/repositories/bet/sync/bet.sync.listener.ts[90m:124[0m
     1  shared/repositories/bet/winnings.repository.ts[90m:149[0m
     3  shared/repositories/dlq/dlq.repository.ts[90m:68[0m
     2  shared/repositories/dlq/sync/dlq.push.strategy.ts[90m:19[0m
     1  shared/repositories/draw/adapters/draw.api.adapter.ts[90m:16[0m
     1  shared/repositories/draw/adapters/draw.offline.adapter.ts[90m:108[0m
     2  shared/repositories/draw/api/api.ts[90m:30[0m
     2  shared/repositories/draw/draw.repository.ts[90m:95[0m
     1  shared/repositories/incident/adapters/incident.api.adapter.ts[90m:1[0m
     1  shared/repositories/incident/api/api.ts[90m:1[0m
     1  shared/repositories/notification/adapters/notification.api.adapter.ts[90m:14[0m
     1  shared/repositories/notification/adapters/notification.offline.adapter.ts[90m:139[0m
     1  shared/repositories/reward/adapters/reward.api.adapter.ts[90m:20[0m
     5  shared/repositories/reward/reward.repository.ts[90m:31[0m
     4  shared/repositories/slots/index.ts[90m:2[0m
     1  shared/repositories/winning/api/api.ts[90m:1[0m
     3  shared/services/draw/api.ts[90m:1[0m
     3  shared/services/rules.ts[90m:3[0m
     1  shared/services/structure/api.ts[90m:25[0m
     1  shared/services/winning/api.ts[90m:1[0m
     2  shared/utils/client_metadata.ts[90m:18[0m
     2  shared/utils/validation.ts[90m:105[0m
